2026-01-09 19:35:40.488  1463-1669  WindowManager           system_server                        V  Sent Transition (#5233) createdAt=01-09 19:35:40.461 via request=TransitionRequestInfo { type = OPEN, triggerTask = TaskInfo{userId=0 taskId=645 effectiveUid=10368 displayId=0 isRunning=true baseIntent=Intent { act=android.intent.action.MAIN cat=[android.intent.category.LAUNCHER] flg=0x10200000 cmp=com.example.fqcapp/.MainActivity } baseActivity=ComponentInfo{com.example.fqcapp/com.example.fqcapp.MainActivity} topActivity=ComponentInfo{com.example.fqcapp/com.example.fqcapp.MainActivity} origActivity=null realActivity=ComponentInfo{com.example.fqcapp/com.example.fqcapp.MainActivity} numActivities=1 lastActiveTime=725638323 supportsMultiWindow=true resizeMode=1 isResizeable=true minWidth=-1 minHeight=-1 defaultMinSize=220 token=WCT{RemoteToken{d49bf1e Task{e8a33a5 #645 type=standard A=10368:com.example.fqcapp}}} topActivityType=1 pictureInPictureParams=null shouldDockBigOverlays=false launchIntoPipHostTaskId=-1 lastParentTaskIdBeforePip=-1 displayCutoutSafeInsets=Rect(0, 132 - 0, 0) topActivityInfo=ActivityInfo{10f85cc com.example.fqcapp.MainActivity} launchCookies=[android.os.BinderProxy@6285015] positionInParent=Point(0, 0) parentTaskId=-1 isFocused=false isVisible=false isVisibleRequested=false isTopActivityNoDisplay=false isSleeping=false locusId=null displayAreaFeatureId=1 isTopActivityTransparent=false isActivityStackTransparent=false lastNonFullscreenBounds=Rect(276, 694 - 804, 1774) capturedLink=null capturedLinkTimestamp=0 requestedVisibleTypes=503 topActivityRequestOpenInBrowserEducationTimestamp=0 appCompatTaskInfo=AppCompatTaskInfo { topActivityInSizeCompat=false isLeafTask= true eligibleForLetterboxEducation= false isLetterboxEducationEnabled= false isLetterboxDoubleTapEnabled= false eligibleForUserAspectRatioButton= false topActivityBoundsLetterboxed= false isFromLetterboxDoubleTap= false topActivityLetterboxVerticalPosition= -1 topActivityLetterboxHorizontalPosition= -1 topActivityLetterboxWidth=-1 topActivityLetterboxHeight=-1 topActivityAppBounds=Rect(0, 132 - 1080, 2337) isUserFullscreenOverrideEnabled=false isSystemFullscreenOverrideEnabled=false hasMinAspectRatioOverride=false topActivityLetterboxBounds=null cameraCompatTaskInfo=CameraCompatTaskInfo { cameraCompatMode=undefinedundefined} topNonResizableActivityAspectRatio=-1.0} topActivityMainWindowFrame=null isAppBubble=false}, pipChange = null, remoteTransition = RemoteTransition { remoteTransition = android.window.IRemoteTransition$Stub$Proxy@cceaf2a, appThread = android.app.IApplicationThread$Stub$Proxy@1db911b, debugName = QuickstepLaunch }, displayChange = null, requestedLocation = null, userChange = null, windowingLayerChange = null, flags = 0, debugId = 5233 }
2026-01-09 19:35:40.488  1463-1669  WindowManager           system_server                        V      info={id=5233 t=OPEN f=0x0 trk=0 r=[0@Point(0, 0)] c=[
                                                                                                            {WCT{RemoteToken{d49bf1e Task{e8a33a5 #645 type=standard A=10368:com.example.fqcapp}}} m=OPEN f=NONE leash=Surface(name=Task=645#64232)/@0x8d2b0a3 sb=Rect(0, 0 - 1080, 2400) eb=Rect(0, 0 - 1080, 2400) epz=Point(1080, 2400) d=0 taskParent=-1 winMode=1 userId=0},
                                                                                                            {WCT{RemoteToken{59e5009 Task{2a298c6 #1 type=home}}} m=TO_BACK f=SHOW_WALLPAPER leash=Surface(name=Task=1#44)/@0xe225c2c sb=Rect(0, 0 - 1080, 2400) eb=Rect(0, 0 - 1080, 2400) epz=Point(1080, 2400) d=0 taskParent=-1 winMode=1 userId=0},
                                                                                                            {m=TO_BACK f=IS_WALLPAPER leash=Surface(name=WallpaperWindowToken{b2eaa15}#60)/@0xd2ea03a sb=Rect(0, 0 - 1080, 2400) eb=Rect(0, 0 - 1080, 2400) epz=Point(1080, 2400) d=0}
                                                                                                        ]}
2026-01-09 19:35:40.488 14667-14667 Zygote                  zygote64                             I  Process 14667 created for com.example.fqcapp
2026-01-09 19:35:40.494 14667-14667 nativeloader            com.example.fqcapp                   D  Load libframework-connectivity-tiramisu-jni.so using APEX ns com_android_tethering for caller /apex/com.android.tethering/javalib/framework-connectivity-t.jar: ok
2026-01-09 19:35:40.499 14667-14667 CompatChangeReporter    com.example.fqcapp                   D  Compat change id reported: 242716250; UID 10368; state: ENABLED
2026-01-09 19:35:40.511 14667-14667 nativeloader            com.example.fqcapp                   D  Configuring clns-9 for other apk /data/app/~~Loh-eq7cb4NyfNONIt8_Zw==/com.example.fqcapp-YAUm9tNMyZPIoMfJnukyUw==/base.apk. target_sdk_version=34, uses_libraries=, library_path=/data/app/~~Loh-eq7cb4NyfNONIt8_Zw==/com.example.fqcapp-YAUm9tNMyZPIoMfJnukyUw==/lib/arm64:/data/app/~~Loh-eq7cb4NyfNONIt8_Zw==/com.example.fqcapp-YAUm9tNMyZPIoMfJnukyUw==/base.apk!/lib/arm64-v8a, permitted_path=/data:/mnt/expand:/data/user/0/com.example.fqcapp
2026-01-09 19:35:40.518 14667-14667 GraphicsEnvironment     com.example.fqcapp                   V  Currently set values for:
2026-01-09 19:35:40.518 14667-14667 GraphicsEnvironment     com.example.fqcapp                   V    angle_gl_driver_selection_pkgs=[com.android.angle, com.google.android.apps.tachyon]
2026-01-09 19:35:40.518 14667-14667 GraphicsEnvironment     com.example.fqcapp                   V    angle_gl_driver_selection_values=[angle, native]
2026-01-09 19:35:40.518 14667-14667 GraphicsEnvironment     com.example.fqcapp                   V  com.example.fqcapp is not listed in per-application setting
2026-01-09 19:35:40.518 14667-14667 GraphicsEnvironment     com.example.fqcapp                   V  ANGLE allowlist from config: 
2026-01-09 19:35:40.518 14667-14667 GraphicsEnvironment     com.example.fqcapp                   V  No special selections for ANGLE, returning default driver choice
2026-01-09 19:35:40.518 14667-14667 GraphicsEnvironment     com.example.fqcapp                   V  Neither updatable production driver nor prerelease driver is supported.
2026-01-09 19:35:40.522 14667-14667 WM-WrkMgrInitializer    com.example.fqcapp                   D  Initializing WorkManager with default configuration.
2026-01-09 19:35:40.524 14667-14667 WM-PackageManagerHelper com.example.fqcapp                   D  Skipping component enablement for androidx.work.impl.background.systemjob.SystemJobService
2026-01-09 19:35:40.524 14667-14667 WM-Schedulers           com.example.fqcapp                   D  Created SystemJobScheduler and enabled SystemJobService
2026-01-09 19:35:40.528 14667-14688 DisplayManager          com.example.fqcapp                   I  Choreographer implicitly registered for the refresh rate.
2026-01-09 19:35:40.529 14667-14688 vulkan                  com.example.fqcapp                   D  searching for layers in '/data/app/~~Loh-eq7cb4NyfNONIt8_Zw==/com.example.fqcapp-YAUm9tNMyZPIoMfJnukyUw==/lib/arm64'
2026-01-09 19:35:40.529 14667-14686 ashmem                  com.example.fqcapp                   E  Pinning is deprecated since Android Q. Please use trim or other methods.
2026-01-09 19:35:40.530 14667-14667 DesktopExperienceFlags  com.example.fqcapp                   D  Toggle override initialized to: false
2026-01-09 19:35:40.531 14667-14688 vulkan                  com.example.fqcapp                   D  searching for layers in '/data/app/~~Loh-eq7cb4NyfNONIt8_Zw==/com.example.fqcapp-YAUm9tNMyZPIoMfJnukyUw==/base.apk!/lib/arm64-v8a'
2026-01-09 19:35:40.532 14667-14688 DMABUFHEAPS             com.example.fqcapp                   I  Using DMA-BUF heap named: vframe-secure
2026-01-09 19:35:40.536 14667-14667 DesktopModeFlags        com.example.fqcapp                   D  Toggle override initialized to: OVERRIDE_UNSET
2026-01-09 19:35:40.538 14667-14667 ContentCaptureHelper    com.example.fqcapp                   I  Setting logging level to OFF
2026-01-09 19:35:40.558 14667-14667 WindowOnBackDispatcher  com.example.fqcapp                   D  setTopOnBackInvokedCallback (unwrapped): android.app.Activity$$ExternalSyntheticLambda0@b80783c
2026-01-09 19:35:40.559  1463-1587  CoreBackPreview         system_server                        D  Window{1f6b639 u0 com.example.fqcapp/com.example.fqcapp.MainActivity}: Setting back callback OnBackInvokedCallbackInfo{mCallback=android.window.IOnBackInvokedCallback$Stub$Proxy@58d0a8a, mPriority=-1, mIsAnimationCallback=false, mOverrideBehavior=0}
2026-01-09 19:35:40.571 14667-14667 BluetoothService        com.example.fqcapp                   D  Broadcast receiver registered
2026-01-09 19:35:40.594 14667-14667 VRI[MainActivity]       com.example.fqcapp                   D  WindowInsets changed: 1080x2400 statusBars:[0,132,0,0] navigationBars:[0,0,0,63] mandatorySystemGestures:[0,164,0,84] 
2026-01-09 19:35:40.595 14667-14667 Navigation              com.example.fqcapp                   D  🔐 Checking password lock: enabled=false, showFreqGen=false, showTestSongs=false, showFQC=false
2026-01-09 19:35:40.603 14667-14667 CurrentHea...StatusCard com.example.fqcapp                   D  ═══════════════════════════════════════════════════════════
2026-01-09 19:35:40.603 14667-14667 CurrentHea...StatusCard com.example.fqcapp                   D  🔍 [UI] Rendering Current Headphone Status Card
2026-01-09 19:35:40.603 14667-14667 CurrentHea...StatusCard com.example.fqcapp                   D     Driver Pairing: Not Done
2026-01-09 19:35:40.603 14667-14667 CurrentHea...StatusCard com.example.fqcapp                   D  ═══════════════════════════════════════════════════════════
2026-01-09 19:35:40.609 14667-14667 LandingScreen           com.example.fqcapp                   D  UndoManager exists: true
2026-01-09 19:35:40.609 14667-14667 LandingScreen           com.example.fqcapp                   D  Initial undo state - isActive: false, time: 30
2026-01-09 19:35:40.609 14667-14667 LandingScreen           com.example.fqcapp                   D  ❌ Snackbar NOT rendering - undoState.isActive: false
2026-01-09 19:35:40.616 14667-14667 HWUI                    com.example.fqcapp                   I  Using FreeType backend (prop=Auto)
2026-01-09 19:35:40.676 14667-14667 AppNav                  com.example.fqcapp                   D  🔄 App starting - loading criteria from saved JSON file...
2026-01-09 19:35:40.676 14667-14667 CriteriaJsonStorage     com.example.fqcapp                   D  📂 Loading criteria from JSON: /data/user/0/com.example.fqcapp/files/test_criteria.json
2026-01-09 19:35:40.678  1463-1669  ActivityTaskManager     system_server                        I  Displayed com.example.fqcapp/.MainActivity for user 0: +217ms
2026-01-09 19:35:40.679 14667-14667 CriteriaJsonStorage     com.example.fqcapp                   D  ✅ Loaded criteria - PASS: 4, FAIL Issues: 14, FAIL Solutions: 7, CBP: 7, TND: 5
2026-01-09 19:35:40.679 14667-14667 CriteriaJsonStorage     com.example.fqcapp                   D  ✅ Song Individual - PASS: 3, FAIL: 10, CBP: 6
2026-01-09 19:35:40.679 14667-14667 CriteriaJsonStorage     com.example.fqcapp                   D  ✅ Song Overall - PASS: 3, FAIL Issues: 12, FAIL Solutions: 6, CBP: 4, TND: 4
2026-01-09 19:35:40.679 14667-14667 CriteriaJsonStorage     com.example.fqcapp                   D  ✅ FQC Criteria: 10
2026-01-09 19:35:40.679 14667-14667 AppNav                  com.example.fqcapp                   D  ✅ Criteria loaded on startup from JSON
2026-01-09 19:35:40.679 14667-14667 Navigation              com.example.fqcapp                   D  🟢 Starting periodic Bluetooth check (on landing page: landing)
2026-01-09 19:35:40.681 14667-14667 Navigation              com.example.fqcapp                   D  Probing for currently connected device on startup...
2026-01-09 19:35:40.681 14667-14667 LandingScreen           com.example.fqcapp                   D  LaunchedEffect started - observing undoState
2026-01-09 19:35:40.681 14667-14667 LandingScreen           com.example.fqcapp                   D  📊 STATE UPDATE RECEIVED - isActive: false, timeRemaining: 30, fromScreen: null
2026-01-09 19:35:40.681 14667-14667 LandingScreen           com.example.fqcapp                   D  📊 Local undoState updated to: isActive=false, timeRemaining=30
2026-01-09 19:35:40.686 14667-14734 MacIdCacheManager       com.example.fqcapp                   D  Cache last updated: 1767967512107, current: 1767967540686, diff: 28579ms, needs refresh: false
2026-01-09 19:35:40.687 14667-14667 Navigation              com.example.fqcapp                   D  🔐 Checking password lock: enabled=false, showFreqGen=false, showTestSongs=false, showFQC=false
2026-01-09 19:35:40.690 14667-14667 CurrentHea...StatusCard com.example.fqcapp                   D  ═══════════════════════════════════════════════════════════
2026-01-09 19:35:40.690 14667-14667 CurrentHea...StatusCard com.example.fqcapp                   D  🔍 [UI] Rendering Current Headphone Status Card
2026-01-09 19:35:40.690 14667-14667 CurrentHea...StatusCard com.example.fqcapp                   D     Driver Pairing: Not Done
2026-01-09 19:35:40.690 14667-14667 CurrentHea...StatusCard com.example.fqcapp                   D  ═══════════════════════════════════════════════════════════
2026-01-09 19:35:40.693 14667-14667 LandingScreen           com.example.fqcapp                   D  UndoManager exists: true
2026-01-09 19:35:40.693 14667-14667 LandingScreen           com.example.fqcapp                   D  ❌ Snackbar NOT rendering - undoState.isActive: false
2026-01-09 19:35:40.706 14667-14667 Navigation              com.example.fqcapp                   D  Found unsynced driver pairing entries, syncing...
2026-01-09 19:35:40.706 14667-14667 Navigation              com.example.fqcapp                   D  MAC ID cache is up-to-date
2026-01-09 19:35:40.706 14667-14667 Navigation              com.example.fqcapp                   D  Periodic check: No connected device found
2026-01-09 19:35:40.706 14667-14667 Navigation              com.example.fqcapp                   D  No connected device found on startup
2026-01-09 19:35:40.706 14667-14727 DriverPair...cheManager com.example.fqcapp                   D  🔄 [SYNC_START] Starting manual sync of unsynced driver pairing entries...
2026-01-09 19:35:40.707 14667-14727 DriverPair...cheManager com.example.fqcapp                   D  🔵 [SYNC_CHECK] Found 3 unsynced entries
2026-01-09 19:35:40.707 14667-14727 DriverPair...cheManager com.example.fqcapp                   D  🔵 [SYNC_ENTRY] Syncing entry 1/3: Serial=SLC251OB002118, MAC=DC:0D:30:13:27:17
2026-01-09 19:35:40.707 14667-14727 DriverPair...cheManager com.example.fqcapp                   D  🔵 [SYNC_PARSE] Parsed 4 driver entries from cache
2026-01-09 19:35:40.707 14667-14727 DriverPair...cheManager com.example.fqcapp                   D  🔵 [SYNC_SAVE] Saving to Google Sheets - Row1: Driver1='345', Driver2='124', Additional rows: 1
2026-01-09 19:35:40.707 14667-14727 DriverPair...etsService com.example.fqcapp                   D  💾 [SAVE_START] Saving driver data for serial: SLC251OB002118, MAC: DC:0D:30:13:27:17
2026-01-09 19:35:40.707 14667-14727 DriverPair...etsService com.example.fqcapp                   D  📊 [SAVE_DATA] Building row data: Serial=SLC251OB002118, MAC=DC:0D:30:13:27:17
2026-01-09 19:35:40.707 14667-14727 DriverPair...etsService com.example.fqcapp                   D  📊 [SAVE_DATA] Row 1: Driver1='345', Driver2='124' (Columns C & D)
2026-01-09 19:35:40.707 14667-14727 DriverPair...etsService com.example.fqcapp                   D  📊 [SAVE_DATA] Additional rows: 1 (Columns E onwards)
2026-01-09 19:35:40.707 14667-14727 DriverPair...etsService com.example.fqcapp                   D  📊 [SAVE_DATA] Row 2: Driver1='619', Driver2='654' (Columns E & F)
2026-01-09 19:35:40.707 14667-14727 DriverPair...etsService com.example.fqcapp                   D  📊 [SAVE_DATA] Total columns in rowData: 6
2026-01-09 19:35:40.707 14667-14727 DriverPair...etsService com.example.fqcapp                   D  🔍 [FIND_BY_SERIAL] Searching for serial number: SLC251OB002118
2026-01-09 19:35:40.708 14667-14727 GoogleSheetsAPI         com.example.fqcapp                   D  🔄 [TOKEN_CACHE] No cached token, fetching new token
2026-01-09 19:35:40.708 14667-14727 GoogleSheetsAPI         com.example.fqcapp                   D  🔑 [TOKEN_FETCH] Generating JWT token...
2026-01-09 19:35:40.709 14667-14727 GoogleSheetsAPI         com.example.fqcapp                   D  ✅ Loaded credentials from JSON - Email: fqc-data@starlit-oven-447711-v6.iam.gserviceaccount.com
2026-01-09 19:35:40.709 14667-14727 GoogleSheetsAPI         com.example.fqcapp                   D  Generating JWT with service account: fqc-data@starlit-oven-447711-v6.iam.gserviceaccount.com
2026-01-09 19:35:40.719 14667-14727 GoogleSheetsAPI         com.example.fqcapp                   D  🔑 [TOKEN_FETCH] JWT generated, length: 654
2026-01-09 19:35:40.719 14667-14727 GoogleSheetsAPI         com.example.fqcapp                   D  🔑 [TOKEN_FETCH] Sending token request...
2026-01-09 19:35:40.721  1463-1921  ImeTracker              system_server                        I  com.example.fqcapp:b8754601: onRequestHide at ORIGIN_SERVER reason HIDE_UNSPECIFIED_WINDOW fromUser false
2026-01-09 19:35:40.721 14667-14667 InsetsController        com.example.fqcapp                   D  hide(ime())
2026-01-09 19:35:40.721 14667-14667 ImeTracker              com.example.fqcapp                   I  com.example.fqcapp:b8754601: onCancelled at PHASE_CLIENT_ALREADY_HIDDEN
2026-01-09 19:35:40.724  3735-3735  GoogleInpu...hodService com...gle.android.inputmethod.latin  I  GoogleInputMethodService.onStartInput():1349 onStartInput(EditorInfo{EditorInfo{packageName=com.example.fqcapp, inputType=0, inputTypeString=NULL, enableLearning=false, autoCorrection=false, autoComplete=false, imeOptions=0, privateImeOptions=null, actionName=UNSPECIFIED, actionLabel=null, initialSelStart=-1, initialSelEnd=-1, initialCapsMode=0, label=null, fieldId=0, fieldName=null, extras=null, hintText=null, hintLocales=[]}}, false)
2026-01-09 19:35:40.725  1463-4443  PackageConfigPersister  system_server                        W  App-specific configuration not found for packageName: com.example.fqcapp and userId: 0
2026-01-09 19:35:41.508 14667-14727 GoogleSheetsAPI         com.example.fqcapp                   D  🔑 [TOKEN_FETCH] Token response code: 200
2026-01-09 19:35:41.508 14667-14727 GoogleSheetsAPI         com.example.fqcapp                   D  ✅ [TOKEN_FETCH] Access token obtained, length: 1024
2026-01-09 19:35:41.508 14667-14727 GoogleSheetsAPI         com.example.fqcapp                   D  ✅ [TOKEN_CACHE] Token cached successfully
2026-01-09 19:35:42.226 14667-14727 DriverPair...etsService com.example.fqcapp                   D  ✅ [FIND_BY_SERIAL] Found serial number at row: 2
2026-01-09 19:35:42.227 14667-14727 DriverPair...etsService com.example.fqcapp                   D  📝 [UPDATE_BY_SERIAL] Found existing row by serial number at row: 2
2026-01-09 19:35:42.228 14667-14727 DriverPair...etsService com.example.fqcapp                   D  📝 [UPDATE_ROW] Updating row 2 with 6 columns
2026-01-09 19:35:42.229 14667-14727 GoogleSheetsAPI         com.example.fqcapp                   D  ✅ [TOKEN_CACHE] Using cached access token (age: 0 minutes)
2026-01-09 19:35:42.737 14667-14727 DriverPair...etsService com.example.fqcapp                   D  📝 [UPDATE_ROW] Current row has 6 columns, new row has 6 columns
2026-01-09 19:35:42.737 14667-14727 DriverPair...etsService com.example.fqcapp                   D  📝 [UPDATE_ROW] Updating range: Driver_pairing!A2:F2
2026-01-09 19:35:42.738 14667-14727 GoogleSheetsAPI         com.example.fqcapp                   D  ✅ [TOKEN_CACHE] Using cached access token (age: 0 minutes)
2026-01-09 19:35:43.157 14667-14727 DriverPair...etsService com.example.fqcapp                   D  ✅ [UPDATE_ROW] Successfully updated row 2
2026-01-09 19:35:43.158 14667-14727 DriverPair...cheManager com.example.fqcapp                   D  ✅ [SYNC_SUCCESS] Successfully synced entry: SLC251OB002118
2026-01-09 19:35:43.163 14667-14727 DriverPair...cheManager com.example.fqcapp                   D  🔵 [SYNC_ENTRY] Syncing entry 2/3: Serial=, MAC=41:42:17:C8:D4:1F
2026-01-09 19:35:43.163 14667-14727 DriverPair...cheManager com.example.fqcapp                   D  🔵 [SYNC_PARSE] Parsed 6 driver entries from cache
2026-01-09 19:35:43.163 14667-14727 DriverPair...cheManager com.example.fqcapp                   D  🔵 [SYNC_SAVE] Saving to Google Sheets - Row1: Driver1='test1', Driver2='test2', Additional rows: 2
2026-01-09 19:35:43.164 14667-14727 DriverPair...etsService com.example.fqcapp                   D  💾 [SAVE_START] Saving driver data for serial: , MAC: 41:42:17:C8:D4:1F
2026-01-09 19:35:43.164 14667-14727 DriverPair...etsService com.example.fqcapp                   D  📊 [SAVE_DATA] Building row data: Serial=, MAC=41:42:17:C8:D4:1F
2026-01-09 19:35:43.164 14667-14727 DriverPair...etsService com.example.fqcapp                   D  📊 [SAVE_DATA] Row 1: Driver1='test1', Driver2='test2' (Columns C & D)
2026-01-09 19:35:43.164 14667-14727 DriverPair...etsService com.example.fqcapp                   D  📊 [SAVE_DATA] Additional rows: 2 (Columns E onwards)
2026-01-09 19:35:43.164 14667-14727 DriverPair...etsService com.example.fqcapp                   D  📊 [SAVE_DATA] Row 2: Driver1='test3', Driver2='test4' (Columns E & F)
2026-01-09 19:35:43.164 14667-14727 DriverPair...etsService com.example.fqcapp                   D  📊 [SAVE_DATA] Row 3: Driver1='test6', Driver2='test7' (Columns G & H)
2026-01-09 19:35:43.164 14667-14727 DriverPair...etsService com.example.fqcapp                   D  📊 [SAVE_DATA] Total columns in rowData: 8
2026-01-09 19:35:43.164 14667-14727 DriverPair...etsService com.example.fqcapp                   D  🔍 [SEARCH_BY_MAC] Serial number is blank, searching by MAC ID: 41:42:17:C8:D4:1F
2026-01-09 19:35:43.165 14667-14727 DriverPair...etsService com.example.fqcapp                   D  🔍 [FIND_BY_MAC] Searching for MAC ID: 41:42:17:C8:D4:1F
2026-01-09 19:35:43.165 14667-14727 GoogleSheetsAPI         com.example.fqcapp                   D  ✅ [TOKEN_CACHE] Using cached access token (age: 0 minutes)
2026-01-09 19:35:43.761 14667-14727 DriverPair...etsService com.example.fqcapp                   D  ✅ [FIND_BY_MAC] Found MAC ID at row: 14
2026-01-09 19:35:43.762 14667-14727 DriverPair...etsService com.example.fqcapp                   D  📝 [UPDATE_BY_MAC] Found existing row by MAC ID at row: 14
2026-01-09 19:35:43.762 14667-14727 DriverPair...etsService com.example.fqcapp                   D  📝 [UPDATE_ROW] Updating row 14 with 8 columns
2026-01-09 19:35:43.763 14667-14727 GoogleSheetsAPI         com.example.fqcapp                   D  ✅ [TOKEN_CACHE] Using cached access token (age: 0 minutes)
2026-01-09 19:35:44.271 14667-14727 DriverPair...etsService com.example.fqcapp                   D  📝 [UPDATE_ROW] Current row has 8 columns, new row has 8 columns
2026-01-09 19:35:44.271 14667-14727 DriverPair...etsService com.example.fqcapp                   D  📝 [UPDATE_ROW] Updating range: Driver_pairing!A14:H14
2026-01-09 19:35:44.272 14667-14727 GoogleSheetsAPI         com.example.fqcapp                   D  ✅ [TOKEN_CACHE] Using cached access token (age: 0 minutes)
2026-01-09 19:35:44.682 14667-14727 DriverPair...etsService com.example.fqcapp                   D  ✅ [UPDATE_ROW] Successfully updated row 14
2026-01-09 19:35:44.682 14667-14727 DriverPair...cheManager com.example.fqcapp                   D  ✅ [SYNC_SUCCESS] Successfully synced entry: 
2026-01-09 19:35:44.685 14667-14727 DriverPair...cheManager com.example.fqcapp                   D  🔵 [SYNC_ENTRY] Syncing entry 3/3: Serial=SLC251EG001027, MAC=DC:0D:30:14:44:A7
2026-01-09 19:35:44.685 14667-14727 DriverPair...cheManager com.example.fqcapp                   D  🔵 [SYNC_PARSE] Parsed 2 driver entries from cache
2026-01-09 19:35:44.685 14667-14727 DriverPair...cheManager com.example.fqcapp                   D  🔵 [SYNC_SAVE] Saving to Google Sheets - Row1: Driver1='k099', Driver2='k168', Additional rows: 0
2026-01-09 19:35:44.685 14667-14727 DriverPair...etsService com.example.fqcapp                   D  💾 [SAVE_START] Saving driver data for serial: SLC251EG001027, MAC: DC:0D:30:14:44:A7
2026-01-09 19:35:44.685 14667-14727 DriverPair...etsService com.example.fqcapp                   D  📊 [SAVE_DATA] Building row data: Serial=SLC251EG001027, MAC=DC:0D:30:14:44:A7
2026-01-09 19:35:44.685 14667-14727 DriverPair...etsService com.example.fqcapp                   D  📊 [SAVE_DATA] Row 1: Driver1='k099', Driver2='k168' (Columns C & D)
2026-01-09 19:35:44.686 14667-14727 DriverPair...etsService com.example.fqcapp                   D  📊 [SAVE_DATA] Additional rows: 0 (Columns E onwards)
2026-01-09 19:35:44.686 14667-14727 DriverPair...etsService com.example.fqcapp                   D  📊 [SAVE_DATA] Total columns in rowData: 4
2026-01-09 19:35:44.686 14667-14727 DriverPair...etsService com.example.fqcapp                   D  🔍 [FIND_BY_SERIAL] Searching for serial number: SLC251EG001027
2026-01-09 19:35:44.687 14667-14727 GoogleSheetsAPI         com.example.fqcapp                   D  ✅ [TOKEN_CACHE] Using cached access token (age: 0 minutes)
2026-01-09 19:35:44.994 14667-14667 BluetoothService        com.example.fqcapp                   D  Received broadcast: android.bluetooth.device.action.ACL_CONNECTED
2026-01-09 19:35:44.994 14667-14667 BluetoothService        com.example.fqcapp                   D  Device connected
2026-01-09 19:35:44.996 14667-14667 BluetoothService        com.example.fqcapp                   D  Connected device: Sonic Lamb test device (DC:0D:30:0D:BE:75)
2026-01-09 19:35:45.499 14667-14727 DriverPair...etsService com.example.fqcapp                   D  ✅ [FIND_BY_SERIAL] Found serial number at row: 13
2026-01-09 19:35:45.499 14667-14727 DriverPair...etsService com.example.fqcapp                   D  📝 [UPDATE_BY_SERIAL] Found existing row by serial number at row: 13
2026-01-09 19:35:45.499 14667-14727 DriverPair...etsService com.example.fqcapp                   D  📝 [UPDATE_ROW] Updating row 13 with 4 columns
2026-01-09 19:35:45.499 14667-14727 GoogleSheetsAPI         com.example.fqcapp                   D  ✅ [TOKEN_CACHE] Using cached access token (age: 0 minutes)
2026-01-09 19:35:46.014 14667-14727 DriverPair...etsService com.example.fqcapp                   D  📝 [UPDATE_ROW] Current row has 4 columns, new row has 4 columns
2026-01-09 19:35:46.014 14667-14727 DriverPair...etsService com.example.fqcapp                   D  📝 [UPDATE_ROW] Updating range: Driver_pairing!A13:D13
2026-01-09 19:35:46.015 14667-14727 GoogleSheetsAPI         com.example.fqcapp                   D  ✅ [TOKEN_CACHE] Using cached access token (age: 0 minutes)
2026-01-09 19:35:46.267 14667-14876 ProfileInstaller        com.example.fqcapp                   D  Installing profile for com.example.fqcapp
2026-01-09 19:35:46.626 14667-14727 DriverPair...etsService com.example.fqcapp                   D  ✅ [UPDATE_ROW] Successfully updated row 13
2026-01-09 19:35:46.627 14667-14727 DriverPair...cheManager com.example.fqcapp                   D  ✅ [SYNC_SUCCESS] Successfully synced entry: SLC251EG001027
2026-01-09 19:35:46.630 14667-14727 DriverPair...cheManager com.example.fqcapp                   D  ✅ [SYNC_COMPLETE] Sync finished: 3 successful, 0 failed out of 3 total
2026-01-09 19:35:46.632 14667-14667 Navigation              com.example.fqcapp                   D  ✅ Synced 3 driver pairing entries to Google Sheets
2026-01-09 19:35:46.908  1463-4443  LauncherAppsService     system_server                        D  getActivityLaunchIntent callingPackage=com.android.systemui component=ComponentInfo{com.example.fqcapp/com.example.fqcapp.MainActivity} user=UserHandle{0}
2026-01-09 19:35:50.711 14667-14667 Navigation              com.example.fqcapp                   D  Periodic check: Found connected device: Sonic Lamb test device - DC:0D:30:0D:BE:75
2026-01-09 19:35:50.713 14667-14667 Navigation              com.example.fqcapp                   D  🔍 Performing reverse lookup: MAC ID -> Serial Number
2026-01-09 19:35:50.713 14667-14667 Navigation              com.example.fqcapp                   D     MAC ID: DC:0D:30:0D:BE:75
2026-01-09 19:35:50.714 14667-14732 MacIdCacheManager       com.example.fqcapp                   D  Looking up serial for MAC: DC:0D:30:0D:BE:75
2026-01-09 19:35:50.722 14667-14667 Navigation              com.example.fqcapp                   D  🔐 Checking password lock: enabled=false, showFreqGen=false, showTestSongs=false, showFQC=false
2026-01-09 19:35:50.728 14667-14732 MacIdCacheManager       com.example.fqcapp                   D  MAC not found in cache, refreshing cache...
2026-01-09 19:35:50.728 14667-14732 MacIdCacheManager       com.example.fqcapp                   D  Starting cache refresh...
2026-01-09 19:35:50.729 14667-14732 GoogleSheetsAPI         com.example.fqcapp                   D  Starting fetchMacLookupData
2026-01-09 19:35:50.731 14667-14732 GoogleSheetsAPI         com.example.fqcapp                   D  Sheet ID: 1adqjRvmSnRcuscCq2W-epU1Quww1XvX2tbPVHujbE7I
2026-01-09 19:35:50.731 14667-14732 GoogleSheetsAPI         com.example.fqcapp                   D  Tab: Sheet2
2026-01-09 19:35:50.731 14667-14732 GoogleSheetsAPI         com.example.fqcapp                   D  Range: A:C
2026-01-09 19:35:50.733 14667-14732 GoogleSheetsAPI         com.example.fqcapp                   D  🔄 [TOKEN_CACHE] No cached token, fetching new token
2026-01-09 19:35:50.733 14667-14732 GoogleSheetsAPI         com.example.fqcapp                   D  🔑 [TOKEN_FETCH] Generating JWT token...
2026-01-09 19:35:50.735 14667-14732 GoogleSheetsAPI         com.example.fqcapp                   D  ✅ Loaded credentials from JSON - Email: fqc-data@starlit-oven-447711-v6.iam.gserviceaccount.com
2026-01-09 19:35:50.735 14667-14732 GoogleSheetsAPI         com.example.fqcapp                   D  Generating JWT with service account: fqc-data@starlit-oven-447711-v6.iam.gserviceaccount.com
2026-01-09 19:35:50.749 14667-14667 CurrentHea...StatusCard com.example.fqcapp                   D  ═══════════════════════════════════════════════════════════
2026-01-09 19:35:50.749 14667-14667 CurrentHea...StatusCard com.example.fqcapp                   D  🔍 [UI] Rendering Current Headphone Status Card
2026-01-09 19:35:50.749 14667-14667 CurrentHea...StatusCard com.example.fqcapp                   D     Driver Pairing: Not Done
2026-01-09 19:35:50.749 14667-14667 CurrentHea...StatusCard com.example.fqcapp                   D  ═══════════════════════════════════════════════════════════
2026-01-09 19:35:50.751 14667-14732 GoogleSheetsAPI         com.example.fqcapp                   D  🔑 [TOKEN_FETCH] JWT generated, length: 654
2026-01-09 19:35:50.752 14667-14732 GoogleSheetsAPI         com.example.fqcapp                   D  🔑 [TOKEN_FETCH] Sending token request...
2026-01-09 19:35:50.777 14667-14673 .example.fqcapp         com.example.fqcapp                   W  userfaultfd: MOVE ioctl seems unsupported: Try again
2026-01-09 19:35:50.789 14667-14667 LandingScreen           com.example.fqcapp                   D  UndoManager exists: true
2026-01-09 19:35:50.789 14667-14667 LandingScreen           com.example.fqcapp                   D  ❌ Snackbar NOT rendering - undoState.isActive: false
2026-01-09 19:35:50.834 14667-14727 MacIdCacheManager       com.example.fqcapp                   D  Looking up serial for MAC: DC:0D:30:0D:BE:75
2026-01-09 19:35:50.929 14667-14732 GoogleSheetsAPI         com.example.fqcapp                   D  🔑 [TOKEN_FETCH] Token response code: 200
2026-01-09 19:35:50.931 14667-14732 GoogleSheetsAPI         com.example.fqcapp                   D  ✅ [TOKEN_FETCH] Access token obtained, length: 1024
2026-01-09 19:35:50.931 14667-14732 GoogleSheetsAPI         com.example.fqcapp                   D  ✅ [TOKEN_CACHE] Token cached successfully
2026-01-09 19:35:50.931 14667-14732 GoogleSheetsAPI         com.example.fqcapp                   D  Fetching from: https://sheets.googleapis.com/v4/spreadsheets/1adqjRvmSnRcuscCq2W-epU1Quww1XvX2tbPVHujbE7I/values/Sheet2!A:C
2026-01-09 19:35:51.954 14667-14732 GoogleSheetsAPI         com.example.fqcapp                   D  Response code: 200
2026-01-09 19:35:52.026 14667-14732 GoogleSheetsAPI         com.example.fqcapp                   D  fetchMacLookupData completed, rows: 2999
2026-01-09 19:35:52.026 14667-14732 GoogleSheetsAPI         com.example.fqcapp                   D  Row 0: [PCB NO, Headphone serial number, MAC ID]
2026-01-09 19:35:52.026 14667-14732 GoogleSheetsAPI         com.example.fqcapp                   D  Row 1: [SLB250202000009, SLC251MW000301, DC:0D:30:12:FD:97]
2026-01-09 19:35:52.026 14667-14732 GoogleSheetsAPI         com.example.fqcapp                   D  Row 2: [SLB250202000010, SLC251OB001001, DC:0D:30:12:FD:70]
2026-01-09 19:35:52.026 14667-14732 GoogleSheetsAPI         com.example.fqcapp                   D  Row 3: [SLB250202000003, SLC251OB001002, DC:0D:30:12:FD:62]
2026-01-09 19:35:52.026 14667-14732 GoogleSheetsAPI         com.example.fqcapp                   D  Row 4: [SLB250202000004, SLC251OB001003, DC:0D:30:12:FD:67]
2026-01-09 19:35:52.027 14667-14732 MacIdCacheManager       com.example.fqcapp                   D  Downloaded 2999 entries from Google Sheets
2026-01-09 19:35:52.036 14667-14732 MacIdCacheManager       com.example.fqcapp                   D  Filtered to 2536 valid entries
2026-01-09 19:35:52.056 14667-14732 MacIdCacheManager       com.example.fqcapp                   D  Found 2536 existing cache entries
2026-01-09 19:35:52.161 14667-14732 MacIdCacheManager       com.example.fqcapp                   D  Merged cache: 2536 total entries (2536 existing + 2536 new)
2026-01-09 19:35:52.251 14667-14732 MacIdCacheManager       com.example.fqcapp                   D  ✅ Cache refresh completed successfully
2026-01-09 19:35:52.254 14667-14732 MacIdCacheManager       com.example.fqcapp                   W  ❌ MAC ID DC:0D:30:0D:BE:75 not found even after cache refresh
2026-01-09 19:35:52.255 14667-14667 Navigation              com.example.fqcapp                   W  ⚠️ Serial number not found for MAC ID: DC:0D:30:0D:BE:75
2026-01-09 19:35:52.255 14667-14667 Navigation              com.example.fqcapp                   W     Generating reference serial: TMP-0DBE75
2026-01-09 19:35:52.255 14667-14667 Navigation              com.example.fqcapp                   D  ✅ Using reference serial: TMP-0DBE75 for MAC: DC:0D:30:0D:BE:75
2026-01-09 19:35:52.255 14667-14727 MacIdCacheManager       com.example.fqcapp                   D  MAC not found in cache, refreshing cache...
2026-01-09 19:35:52.255 14667-14727 MacIdCacheManager       com.example.fqcapp                   D  Starting cache refresh...
2026-01-09 19:35:52.255 14667-14727 GoogleSheetsAPI         com.example.fqcapp                   D  Starting fetchMacLookupData
2026-01-09 19:35:52.256 14667-14727 GoogleSheetsAPI         com.example.fqcapp                   D  Sheet ID: 1adqjRvmSnRcuscCq2W-epU1Quww1XvX2tbPVHujbE7I
2026-01-09 19:35:52.256 14667-14727 GoogleSheetsAPI         com.example.fqcapp                   D  Tab: Sheet2
2026-01-09 19:35:52.256 14667-14727 GoogleSheetsAPI         com.example.fqcapp                   D  Range: A:C
2026-01-09 19:35:52.256 14667-14727 GoogleSheetsAPI         com.example.fqcapp                   D  🔄 [TOKEN_CACHE] No cached token, fetching new token
2026-01-09 19:35:52.256 14667-14727 GoogleSheetsAPI         com.example.fqcapp                   D  🔑 [TOKEN_FETCH] Generating JWT token...
2026-01-09 19:35:52.257 14667-14727 GoogleSheetsAPI         com.example.fqcapp                   D  ✅ Loaded credentials from JSON - Email: fqc-data@starlit-oven-447711-v6.iam.gserviceaccount.com
2026-01-09 19:35:52.257 14667-14727 GoogleSheetsAPI         com.example.fqcapp                   D  Generating JWT with service account: fqc-data@starlit-oven-447711-v6.iam.gserviceaccount.com
2026-01-09 19:35:52.287 14667-14727 GoogleSheetsAPI         com.example.fqcapp                   D  🔑 [TOKEN_FETCH] JWT generated, length: 654
2026-01-09 19:35:52.288 14667-14727 GoogleSheetsAPI         com.example.fqcapp                   D  🔑 [TOKEN_FETCH] Sending token request...
2026-01-09 19:35:52.290 14667-14667 Navigation              com.example.fqcapp                   D  🔐 Checking password lock: enabled=false, showFreqGen=false, showTestSongs=false, showFQC=false
2026-01-09 19:35:52.299 14667-14667 CurrentHea...StatusCard com.example.fqcapp                   D  ═══════════════════════════════════════════════════════════
2026-01-09 19:35:52.299 14667-14667 CurrentHea...StatusCard com.example.fqcapp                   D  🔍 [UI] Rendering Current Headphone Status Card
2026-01-09 19:35:52.299 14667-14667 CurrentHea...StatusCard com.example.fqcapp                   D     Driver Pairing: Not Done
2026-01-09 19:35:52.299 14667-14667 CurrentHea...StatusCard com.example.fqcapp                   D  ═══════════════════════════════════════════════════════════
2026-01-09 19:35:52.308 14667-14667 LandingScreen           com.example.fqcapp                   D  UndoManager exists: true
2026-01-09 19:35:52.308 14667-14667 LandingScreen           com.example.fqcapp                   D  ❌ Snackbar NOT rendering - undoState.isActive: false
2026-01-09 19:35:52.329 14667-14667 Navigation              com.example.fqcapp                   D  ═══════════════════════════════════════════════════════════
2026-01-09 19:35:52.330 14667-14667 Navigation              com.example.fqcapp                   D  🔍 [NAVIGATION] SERIAL NUMBER SCANNED/SET
2026-01-09 19:35:52.330 14667-14667 Navigation              com.example.fqcapp                   D     Serial Number: TMP-0DBE75
2026-01-09 19:35:52.330 14667-14667 Navigation              com.example.fqcapp                   D     MAC Address: DC:0D:30:0D:BE:75
2026-01-09 19:35:52.330 14667-14667 Navigation              com.example.fqcapp                   D     Device Name: Sonic Lamb test device
2026-01-09 19:35:52.330 14667-14667 Navigation              com.example.fqcapp                   D  ───────────────────────────────────────────────────────────
2026-01-09 19:35:52.335 14667-14667 DeviceDataCache         com.example.fqcapp                   D  📦 [CACHE] Cache expired for: TMP-0DBE75 (age: 3393s, max: 120s)
2026-01-09 19:35:52.336 14667-14667 DeviceDataCache         com.example.fqcapp                   D  📦 [CACHE] Cleared cache for: TMP-0DBE75
2026-01-09 19:35:52.336 14667-14667 Navigation              com.example.fqcapp                   D  📋 [ACTION] Fetching device data from Supabase (cache miss/expired)...
2026-01-09 19:35:52.338 14667-14667 Navigation              com.example.fqcapp                   D  🔐 Checking password lock: enabled=false, showFreqGen=false, showTestSongs=false, showFQC=false
2026-01-09 19:35:52.341 14667-14667 CurrentHea...StatusCard com.example.fqcapp                   D  ═══════════════════════════════════════════════════════════
2026-01-09 19:35:52.341 14667-14667 CurrentHea...StatusCard com.example.fqcapp                   D  🔍 [UI] Rendering Current Headphone Status Card
2026-01-09 19:35:52.341 14667-14667 CurrentHea...StatusCard com.example.fqcapp                   D     Driver Pairing: Not Done
2026-01-09 19:35:52.341 14667-14667 CurrentHea...StatusCard com.example.fqcapp                   D  ═══════════════════════════════════════════════════════════
2026-01-09 19:35:52.347 14667-14667 LandingScreen           com.example.fqcapp                   D  UndoManager exists: true
2026-01-09 19:35:52.347 14667-14667 LandingScreen           com.example.fqcapp                   D  ❌ Snackbar NOT rendering - undoState.isActive: false
2026-01-09 19:35:52.364 14667-14730 Supabase-Core           com.example.fqcapp                   I  SupabaseClient created! Please report any bugs you find.
2026-01-09 19:35:52.367 14667-14732 LandingScreen           com.example.fqcapp                   D  🔄 Syncing data from Supabase for: TMP-0DBE75 (background)
2026-01-09 19:35:52.367 14667-14732 DeviceDataSync          com.example.fqcapp                   D  ═══════════════════════════════════════════════════════════
2026-01-09 19:35:52.367 14667-14732 DeviceDataSync          com.example.fqcapp                   D  🔄 [SYNC] Starting sync for serial: TMP-0DBE75
2026-01-09 19:35:52.367 14667-14732 DeviceDataSync          com.example.fqcapp                   D  ───────────────────────────────────────────────────────────
2026-01-09 19:35:52.367 14667-14732 DeviceDataSync          com.example.fqcapp                   D  📋 [1/4] Syncing frequency tests...
2026-01-09 19:35:52.368 14667-14732 Supabase-Core           com.example.fqcapp                   I  SupabaseClient created! Please report any bugs you find.
2026-01-09 19:35:52.371 14667-14667 CurrentHea...StatusCard com.example.fqcapp                   D  ═══════════════════════════════════════════════════════════
2026-01-09 19:35:52.371 14667-14667 CurrentHea...StatusCard com.example.fqcapp                   D  🔍 [UI] Rendering Current Headphone Status Card
2026-01-09 19:35:52.371 14667-14667 CurrentHea...StatusCard com.example.fqcapp                   D     Driver Pairing: Not Done
2026-01-09 19:35:52.371 14667-14667 CurrentHea...StatusCard com.example.fqcapp                   D     Frequency [Primary Test]: Not Done
2026-01-09 19:35:52.371 14667-14667 CurrentHea...StatusCard com.example.fqcapp                   D     Frequency [Secondary Test]: Not Done
2026-01-09 19:35:52.371 14667-14667 CurrentHea...StatusCard com.example.fqcapp                   D     Frequency [Final Test]: Not Done
2026-01-09 19:35:52.371 14667-14667 CurrentHea...StatusCard com.example.fqcapp                   D     Song [Primary Test]: Not Done
2026-01-09 19:35:52.371 14667-14667 CurrentHea...StatusCard com.example.fqcapp                   D     Song [Secondary Test]: Not Done
2026-01-09 19:35:52.371 14667-14667 CurrentHea...StatusCard com.example.fqcapp                   D     Song [Final Test]: Not Done
2026-01-09 19:35:52.371 14667-14667 CurrentHea...StatusCard com.example.fqcapp                   D     FQC [Primary Test]: Not Done
2026-01-09 19:35:52.371 14667-14667 CurrentHea...StatusCard com.example.fqcapp                   D     FQC [Secondary Test]: Not Done
2026-01-09 19:35:52.371 14667-14667 CurrentHea...StatusCard com.example.fqcapp                   D     FQC [Final Test]: Not Done
2026-01-09 19:35:52.371 14667-14667 CurrentHea...StatusCard com.example.fqcapp                   D  ═══════════════════════════════════════════════════════════
2026-01-09 19:35:52.374 14667-14667 LandingScreen           com.example.fqcapp                   D  UndoManager exists: true
2026-01-09 19:35:52.374 14667-14667 LandingScreen           com.example.fqcapp                   D  ❌ Snackbar NOT rendering - undoState.isActive: false
2026-01-09 19:35:52.393 14667-14732 System.err              com.example.fqcapp                   W  SLF4J: Failed to load class "org.slf4j.impl.StaticLoggerBinder".
2026-01-09 19:35:52.393 14667-14732 System.err              com.example.fqcapp                   W  SLF4J: Defaulting to no-operation (NOP) logger implementation
2026-01-09 19:35:52.393 14667-14732 System.err              com.example.fqcapp                   W  SLF4J: See http://www.slf4j.org/codes.html#StaticLoggerBinder for further details.
2026-01-09 19:35:52.409 14667-14730 SupabaseConfig          com.example.fqcapp                   D  ✅ Supabase client initialized successfully
2026-01-09 19:35:52.409 14667-14732 SupabaseConfig          com.example.fqcapp                   D  ✅ Supabase client initialized successfully
2026-01-09 19:35:52.409 14667-14730 SupabaseDeviceData      com.example.fqcapp                   D  ═══════════════════════════════════════════════════════════
2026-01-09 19:35:52.409 14667-14730 SupabaseDeviceData      com.example.fqcapp                   D  🔍 [SUPABASE] FETCHING DEVICE DATA
2026-01-09 19:35:52.409 14667-14730 SupabaseDeviceData      com.example.fqcapp                   D     Serial Number: TMP-0DBE75
2026-01-09 19:35:52.409 14667-14730 SupabaseDeviceData      com.example.fqcapp                   D     Timestamp: 2026-01-09T14:05:52.409204Z
2026-01-09 19:35:52.409 14667-14730 SupabaseDeviceData      com.example.fqcapp                   D  ───────────────────────────────────────────────────────────
2026-01-09 19:35:52.409 14667-14730 SupabaseDeviceData      com.example.fqcapp                   D  📋 [STEP 1/6] Querying devices table...
2026-01-09 19:35:52.409 14667-14730 SupabaseDeviceData      com.example.fqcapp                   D     🔍 [QUERY] SELECT * FROM devices WHERE serial_number = 'TMP-0DBE75' LIMIT 1
2026-01-09 19:35:52.433 14667-14727 GoogleSheetsAPI         com.example.fqcapp                   D  🔑 [TOKEN_FETCH] Token response code: 200
2026-01-09 19:35:52.433 14667-14727 GoogleSheetsAPI         com.example.fqcapp                   D  ✅ [TOKEN_FETCH] Access token obtained, length: 1024
2026-01-09 19:35:52.433 14667-14727 GoogleSheetsAPI         com.example.fqcapp                   D  ✅ [TOKEN_CACHE] Token cached successfully
2026-01-09 19:35:52.434 14667-14727 GoogleSheetsAPI         com.example.fqcapp                   E  Exception fetching sheet data
                                                                                                    androidx.compose.runtime.LeftCompositionCancellationException: The coroutine scope left the composition
2026-01-09 19:35:52.434 14667-14727 GoogleSheetsAPI         com.example.fqcapp                   E  Error in fetchMacLookupData
                                                                                                    androidx.compose.runtime.LeftCompositionCancellationException: The coroutine scope left the composition
2026-01-09 19:35:52.434 14667-14727 System.err              com.example.fqcapp                   W  androidx.compose.runtime.LeftCompositionCancellationException: The coroutine scope left the composition
2026-01-09 19:35:52.434 14667-14727 MacIdCacheManager       com.example.fqcapp                   E  Error refreshing cache
                                                                                                    androidx.compose.runtime.LeftCompositionCancellationException: The coroutine scope left the composition
2026-01-09 19:35:52.434 14667-14727 System.err              com.example.fqcapp                   W  androidx.compose.runtime.LeftCompositionCancellationException: The coroutine scope left the composition
2026-01-09 19:35:52.434 14667-14727 MacIdCacheManager       com.example.fqcapp                   E  Error getting serial number
                                                                                                    androidx.compose.runtime.LeftCompositionCancellationException: The coroutine scope left the composition
2026-01-09 19:35:52.434 14667-14727 System.err              com.example.fqcapp                   W  androidx.compose.runtime.LeftCompositionCancellationException: The coroutine scope left the composition
2026-01-09 19:35:52.434 14667-14667 LandingScreen           com.example.fqcapp                   E  ❌ Error looking up serial from MAC ID
                                                                                                    androidx.compose.runtime.LeftCompositionCancellationException: The coroutine scope left the composition
2026-01-09 19:35:53.156 14667-14730 SupabaseDeviceData      com.example.fqcapp                   D     ℹ️ [RESULT] Device not found in Supabase (new device)
2026-01-09 19:35:53.156 14667-14730 SupabaseDeviceData      com.example.fqcapp                   D     ⚠️ Device not found in Supabase (new device)
2026-01-09 19:35:53.156 14667-14730 SupabaseDeviceData      com.example.fqcapp                   D  📋 [STEP 2/6] Querying frequency_tests table...
2026-01-09 19:35:53.156 14667-14734 DeviceDataSync          com.example.fqcapp                   D     Found 0 frequency tests in Supabase
2026-01-09 19:35:53.156 14667-14734 DeviceDataSync          com.example.fqcapp                   D  📋 [2/4] Syncing song tests...
2026-01-09 19:35:53.156 14667-14730 SupabaseDeviceData      com.example.fqcapp                   D     🔍 [QUERY] SELECT MAX(iteration_number) FROM frequency_tests WHERE serial_number = 'TMP-0DBE75'
2026-01-09 19:35:53.496 14667-14734 SupabaseDeviceData      com.example.fqcapp                   D     ℹ️ [RESULT] No frequency tests found (max iteration = 0)
2026-01-09 19:35:53.497 14667-14734 SupabaseDeviceData      com.example.fqcapp                   D     📊 Frequency Test Data:
2026-01-09 19:35:53.497 14667-14734 SupabaseDeviceData      com.example.fqcapp                   D        - Max Iteration: 0
2026-01-09 19:35:53.497 14667-14734 SupabaseDeviceData      com.example.fqcapp                   D        - No previous tests found
2026-01-09 19:35:53.497 14667-14734 SupabaseDeviceData      com.example.fqcapp                   D  📋 [STEP 3/6] Querying song_tests table...
2026-01-09 19:35:53.528 14667-14731 DeviceDataSync          com.example.fqcapp                   D     Found 0 song tests in Supabase
2026-01-09 19:35:53.528 14667-14731 DeviceDataSync          com.example.fqcapp                   D  📋 [3/4] Syncing FQC records...
2026-01-09 19:35:53.810 14667-14730 SupabaseDeviceData      com.example.fqcapp                   D     📊 Song Test Data:
2026-01-09 19:35:53.810 14667-14730 SupabaseDeviceData      com.example.fqcapp                   D        - Max Iteration: 0
2026-01-09 19:35:53.810 14667-14730 SupabaseDeviceData      com.example.fqcapp                   D        - No previous tests found
