--------------------------------------------------------------------------------
[No content available]

[348] ASSISTANT
--------------------------------------------------------------------------------
[No content available]

[349] ASSISTANT
--------------------------------------------------------------------------------
[No content available]

[350] ASSISTANT
--------------------------------------------------------------------------------

Verifying TestSongScreen is correctly implemented:


[351] ASSISTANT
--------------------------------------------------------------------------------
[No content available]

[352] ASSISTANT
--------------------------------------------------------------------------------
[No content available]

[353] ASSISTANT
--------------------------------------------------------------------------------
[No content available]

[354] ASSISTANT
--------------------------------------------------------------------------------

TestSongScreen is already correctly implemented. Summary:

## Already implemented for song tests

1. Removed immediate Supabase sync
   - `insertSongTest` no longer syncs immediately (fixed in `FQCRepository.kt`)
   - Sync happens only via `UnsyncedDataSyncService` after undo completes

2. Fixed iterationNumber override
   - Preserves `iterationNumber = 0` when passed (same fix as frequency tests)
   - Only uses configuration iteration if test already has a non-zero iteration

3. Milestone updates are correct
   - Line 1378-1379: Comment confirms "Milestone is updated only when overall review is committed"
   - Lines 1687-1696: Milestone update happens in `onCommit` callback (after undo completes)
   - No immediate milestone update after insertion

4. Undo flow is correct
   - Line 1604: Song test stored with `iterationNumber = 0`
   - Lines 1633-1700: Commit callback calculates iteration, updates test, updates milestone

## Summary

Both Frequency Generator and Test Songs screens have the same fixes:
- No immediate Supabase sync
- Iteration calculation happens only after undo completes
- Milestone updates happen only after undo completes
- Single upload per test

No need to install and test — the fixes are already in place. The APK I built includes all these changes.

[355] USER
--------------------------------------------------------------------------------
are these correct
2026-01-10 15:10:32.520  1463-2637  WindowManager           system_server                        V  DesktopModeLaunchParamsModifier: phase= 0 task=null activity=ActivityRecord{13982070 u0 com.example.fqcapp/.MainActivity desktop mode is not enabled, skipping
2026-01-10 15:10:32.520  1463-2637  WindowManager           system_server                        V  TaskLaunchParamsModifier:phase=0 task=null activity=ActivityRecord{13982070 u0 com.example.fqcapp/.MainActivity t-1} display-from-option=0 display-id=0 task-display-area-windowing-mode=1 suggested-display-area=DefaultTaskDisplayArea@12913028
2026-01-10 15:10:32.520  1463-2637  WindowManager           system_server                        V  DesktopModeLaunchParamsModifier: phase= 3 task=null activity=ActivityRecord{13982070 u0 com.example.fqcapp/.MainActivity t-1} desktop mode is not enabled, skipping
2026-01-10 15:10:32.521  1463-2637  WindowManager           system_server                        V  TaskLaunchParamsModifier:phase=3 task=null activity=ActivityRecord{13982070 u0 com.example.fqcapp/.MainActivity t-1} display-from-option=0 display-id=0 task-display-area-windowing-mode=1 suggested-display-area=DefaultTaskDisplayArea@12913028 inherit-from-source=fullscreen non-freeform-task-display-area display-area=DefaultTaskDisplayArea@12913028 default-portrait freeform-size-mismatch=Rect(276, 694 - 804, 1774)
2026-01-10 15:10:32.522  1463-2637  WindowManager           system_server                        V  DesktopModeLaunchParamsModifier: phase= 3 task=Task{35d3b77 #779 type=standard A=10368:com.example.fqcapp} activity=ActivityRecord{13982070 u0 com.example.fqcapp/.MainActivity t-1} desktop mode is not enabled, skipping
2026-01-10 15:10:32.522  1463-2637  WindowManager           system_server                        V  TaskLaunchParamsModifier:phase=3 task=Task{35d3b77 #779 type=standard A=10368:com.example.fqcapp} activity=ActivityRecord{13982070 u0 com.example.fqcapp/.MainActivity t-1} display-from-option=0 display-id=0 task-display-area-windowing-mode=1 suggested-display-area=DefaultTaskDisplayArea@12913028 inherit-from-source=fullscreen non-freeform-task-display-area display-area=DefaultTaskDisplayArea@12913028 default-portrait freeform-size-mismatch=Rect(276, 694 - 804, 1774)
2026-01-10 15:10:32.527  1463-2637  ActivityTaskManager     system_server                        I  START u0 {act=android.intent.action.MAIN cat=[android.intent.category.LAUNCHER] flg=0x10200000 xflg=0x4 cmp=com.example.fqcapp/.MainActivity bnds=[30,1544][234,1828]} with LAUNCH_MULTIPLE from uid 10206 (com.google.android.apps.nexuslauncher) (sr=108549896) (BAL_ALLOW_VISIBLE_WINDOW) result code=0
2026-01-10 15:10:32.544  1463-1687  ActivityManager         system_server                        I  Start proc 25593:com.example.fqcapp/u0a368 for next-top-activity {com.example.fqcapp/com.example.fqcapp.MainActivity}
2026-01-10 15:10:32.554 25593-25593 Zygote                  zygote64                             I  Process 25593 created for com.example.fqcapp
2026-01-10 15:10:32.585  1463-1669  WindowManager           system_server                        V  Sent Transition (#6076) createdAt=01-10 15:10:32.520 via request=TransitionRequestInfo { type = OPEN, triggerTask = TaskInfo{userId=0 taskId=779 effectiveUid=10368 displayId=0 isRunning=true baseIntent=Intent { act=android.intent.action.MAIN cat=[android.intent.category.LAUNCHER] flg=0x10200000 cmp=com.example.fqcapp/.MainActivity } baseActivity=ComponentInfo{com.example.fqcapp/com.example.fqcapp.MainActivity} topActivity=ComponentInfo{com.example.fqcapp/com.example.fqcapp.MainActivity} origActivity=null realActivity=ComponentInfo{com.example.fqcapp/com.example.fqcapp.MainActivity} numActivities=1 lastActiveTime=796130382 supportsMultiWindow=true resizeMode=1 isResizeable=true minWidth=-1 minHeight=-1 defaultMinSize=220 token=WCT{RemoteToken{6250c26 Task{35d3b77 #779 type=standard A=10368:com.example.fqcapp}}} topActivityType=1 pictureInPictureParams=null shouldDockBigOverlays=false launchIntoPipHostTaskId=-1 lastParentTaskIdBeforePip=-1 displayCutoutSafeInsets=Rect(0, 132 - 0, 0) topActivityInfo=ActivityInfo{2ddf067 com.example.fqcapp.MainActivity} launchCookies=[android.os.BinderProxy@e68ee14] positionInParent=Point(0, 0) parentTaskId=-1 isFocused=false isVisible=false isVisibleRequested=false isTopActivityNoDisplay=false isSleeping=false locusId=null displayAreaFeatureId=1 isTopActivityTransparent=false isActivityStackTransparent=false lastNonFullscreenBounds=Rect(276, 694 - 804, 1774) capturedLink=null capturedLinkTimestamp=0 requestedVisibleTypes=503 topActivityRequestOpenInBrowserEducationTimestamp=0 appCompatTaskInfo=AppCompatTaskInfo { topActivityInSizeCompat=false isLeafTask= true eligibleForLetterboxEducation= false isLetterboxEducationEnabled= false isLetterboxDoubleTapEnabled= false eligibleForUserAspectRatioButton= false topActivityBoundsLetterboxed= false isFromLetterboxDoubleTap= false topActivityLetterboxVerticalPosition= -1 topActivityLetterboxHorizontalPosition= -1 topActivityLetterboxWidth=-1 topActivityLetterboxHeight=-1 topActivityAppBounds=Rect(0, 132 - 1080, 2337) isUserFullscreenOverrideEnabled=false isSystemFullscreenOverrideEnabled=false hasMinAspectRatioOverride=false topActivityLetterboxBounds=null cameraCompatTaskInfo=CameraCompatTaskInfo { cameraCompatMode=undefinedundefined} topNonResizableActivityAspectRatio=-1.0} topActivityMainWindowFrame=null isAppBubble=false}, pipChange = null, remoteTransition = RemoteTransition { remoteTransition = android.window.IRemoteTransition$Stub$Proxy@2afa6bd, appThread = android.app.IApplicationThread$Stub$Proxy@cc5c4b2, debugName = QuickstepLaunch }, displayChange = null, requestedLocation = null, userChange = null, windowingLayerChange = null, flags = 0, debugId = 6076 }
2026-01-10 15:10:32.585  1463-1669  WindowManager           system_server                        V      info={id=6076 t=OPEN f=0x0 trk=0 r=[0@Point(0, 0)] c=[
                                                                                                            {WCT{RemoteToken{6250c26 Task{35d3b77 #779 type=standard A=10368:com.example.fqcapp}}} m=OPEN f=NONE leash=Surface(name=Task=779#74266)/@0xcc8ab7c sb=Rect(0, 0 - 1080, 2400) eb=Rect(0, 0 - 1080, 2400) epz=Point(1080, 2400) d=0 taskParent=-1 winMode=1 userId=0},
                                                                                                            {WCT{RemoteToken{59e5009 Task{2a298c6 #1 type=home}}} m=TO_BACK f=SHOW_WALLPAPER leash=Surface(name=Task=1#44)/@0xe225c2c sb=Rect(0, 0 - 1080, 2400) eb=Rect(0, 0 - 1080, 2400) epz=Point(1080, 2400) d=0 taskParent=-1 winMode=1 userId=0},
                                                                                                            {m=TO_BACK f=IS_WALLPAPER leash=Surface(name=WallpaperWindowToken{b2eaa15}#60)/@0xd2ea03a sb=Rect(0, 0 - 1080, 2400) eb=Rect(0, 0 - 1080, 2400) epz=Point(1080, 2400) d=0}
                                                                                                        ]}
2026-01-10 15:10:32.592 25593-25593 nativeloader            com.example.fqcapp                   D  Load libframework-connectivity-tiramisu-jni.so using APEX ns com_android_tethering for caller /apex/com.android.tethering/javalib/framework-connectivity-t.jar: ok
2026-01-10 15:10:32.609 25593-25593 CompatChangeReporter    com.example.fqcapp                   D  Compat change id reported: 242716250; UID 10368; state: ENABLED
2026-01-10 15:10:32.620 22511-22511 ActivityThread          com.gamemalt.applocker:watchdog      D  Package [com.example.fqcapp] reported as REPLACED, but missing application info. Assuming REMOVED.
2026-01-10 15:10:32.621 22511-22511 ActivityThread          com.gamemalt.applocker:watchdog      D  Package [com.example.fqcapp] reported as REPLACED, but missing application info. Assuming REMOVED.
2026-01-10 15:10:32.621 22511-22511 ActivityThread          com.gamemalt.applocker:watchdog      D  Package [com.example.fqcapp] reported as REPLACED, but missing application info. Assuming REMOVED.
2026-01-10 15:10:32.696 25593-25593 nativeloader            com.example.fqcapp                   D  Configuring clns-9 for other apk /data/app/~~NueViX6F5AXvi8kNqu0qyw==/com.example.fqcapp-vGs-vu0vdlCM1x1_MsBH3A==/base.apk. target_sdk_version=34, uses_libraries=, library_path=/data/app/~~NueViX6F5AXvi8kNqu0qyw==/com.example.fqcapp-vGs-vu0vdlCM1x1_MsBH3A==/lib/arm64:/data/app/~~NueViX6F5AXvi8kNqu0qyw==/com.example.fqcapp-vGs-vu0vdlCM1x1_MsBH3A==/base.apk!/lib/arm64-v8a, permitted_path=/data:/mnt/expand:/data/user/0/com.example.fqcapp
2026-01-10 15:10:32.707 25593-25593 GraphicsEnvironment     com.example.fqcapp                   V  Currently set values for:
2026-01-10 15:10:32.707 25593-25593 GraphicsEnvironment     com.example.fqcapp                   V    angle_gl_driver_selection_pkgs=[com.android.angle, com.google.android.apps.tachyon]
2026-01-10 15:10:32.707 25593-25593 GraphicsEnvironment     com.example.fqcapp                   V    angle_gl_driver_selection_values=[angle, native]
2026-01-10 15:10:32.707 25593-25593 GraphicsEnvironment     com.example.fqcapp                   V  com.example.fqcapp is not listed in per-application setting
2026-01-10 15:10:32.708 25593-25593 GraphicsEnvironment     com.example.fqcapp                   V  ANGLE allowlist from config: 
2026-01-10 15:10:32.708 25593-25593 GraphicsEnvironment     com.example.fqcapp                   V  No special selections for ANGLE, returning default driver choice
2026-01-10 15:10:32.708 25593-25593 GraphicsEnvironment     com.example.fqcapp                   V  Neither updatable production driver nor prerelease driver is supported.
2026-01-10 15:10:32.718 25593-25593 WM-WrkMgrInitializer    com.example.fqcapp                   D  Initializing WorkManager with default configuration.
2026-01-10 15:10:32.723 25593-25593 WM-PackageManagerHelper com.example.fqcapp                   D  Skipping component enablement for androidx.work.impl.background.systemjob.SystemJobService
2026-01-10 15:10:32.723 25593-25593 WM-Schedulers           com.example.fqcapp                   D  Created SystemJobScheduler and enabled SystemJobService
2026-01-10 15:10:32.733 25593-25609 DisplayManager          com.example.fqcapp                   I  Choreographer implicitly registered for the refresh rate.
2026-01-10 15:10:32.733 25593-25608 ashmem                  com.example.fqcapp                   E  Pinning is deprecated since Android Q. Please use trim or other methods.
2026-01-10 15:10:32.735 25593-25609 vulkan                  com.example.fqcapp                   D  searching for layers in '/data/app/~~NueViX6F5AXvi8kNqu0qyw==/com.example.fqcapp-vGs-vu0vdlCM1x1_MsBH3A==/lib/arm64'
2026-01-10 15:10:32.737 25593-25609 vulkan                  com.example.fqcapp                   D  searching for layers in '/data/app/~~NueViX6F5AXvi8kNqu0qyw==/com.example.fqcapp-vGs-vu0vdlCM1x1_MsBH3A==/base.apk!/lib/arm64-v8a'
2026-01-10 15:10:32.737 25593-25593 DesktopExperienceFlags  com.example.fqcapp                   D  Toggle override initialized to: false
2026-01-10 15:10:32.746 25593-25593 DesktopModeFlags        com.example.fqcapp                   D  Toggle override initialized to: OVERRIDE_UNSET
2026-01-10 15:10:32.747 25593-25609 DMABUFHEAPS             com.example.fqcapp                   I  Using DMA-BUF heap named: vframe-secure
2026-01-10 15:10:32.751 25593-25593 ContentCaptureHelper    com.example.fqcapp                   I  Setting logging level to OFF
2026-01-10 15:10:32.771 25593-25593 WindowOnBackDispatcher  com.example.fqcapp                   D  setTopOnBackInvokedCallback (unwrapped): android.app.Activity$$ExternalSyntheticLambda0@b80783c
2026-01-10 15:10:32.771  1463-4454  CoreBackPreview         system_server                        D  Window{ebba661 u0 com.example.fqcapp/com.example.fqcapp.MainActivity}: Setting back callback OnBackInvokedCallbackInfo{mCallback=android.window.IOnBackInvokedCallback$Stub$Proxy@d3d0674, mPriority=-1, mIsAnimationCallback=false, mOverrideBehavior=0}
2026-01-10 15:10:32.802 25593-25593 BluetoothService        com.example.fqcapp                   D  Broadcast receiver registered
2026-01-10 15:10:32.834 25593-25593 VRI[MainActivity]       com.example.fqcapp                   D  WindowInsets changed: 1080x2400 statusBars:[0,132,0,0] navigationBars:[0,0,0,63] mandatorySystemGestures:[0,164,0,84] 
2026-01-10 15:10:32.836 25593-25593 Navigation              com.example.fqcapp                   D  🔐 Checking password lock: enabled=false, showFreqGen=false, showTestSongs=false, showFQC=false
2026-01-10 15:10:32.844 25593-25593 .example.fqcapp         com.example.fqcapp                   W  Method boolean androidx.compose.runtime.snapshots.SnapshotStateList.conditionalUpdate(boolean, kotlin.jvm.functions.Function1) failed lock verification and will run slower.
                                                                                                    Common causes for lock verification issues are non-optimized dex code
                                                                                                    and incorrect proguard optimizations.
2026-01-10 15:10:32.844 25593-25593 .example.fqcapp         com.example.fqcapp                   W  Method boolean androidx.compose.runtime.snapshots.SnapshotStateList.conditionalUpdate$default(androidx.compose.runtime.snapshots.SnapshotStateList, boolean, kotlin.jvm.functions.Function1, int, java.lang.Object) failed lock verification and will run slower.
2026-01-10 15:10:32.844 25593-25593 .example.fqcapp         com.example.fqcapp                   W  Method java.lang.Object androidx.compose.runtime.snapshots.SnapshotStateList.mutate(kotlin.jvm.functions.Function1) failed lock verification and will run slower.
2026-01-10 15:10:32.844 25593-25593 .example.fqcapp         com.example.fqcapp                   W  Method void androidx.compose.runtime.snapshots.SnapshotStateList.update(boolean, kotlin.jvm.functions.Function1) failed lock verification and will run slower.
2026-01-10 15:10:32.844 25593-25593 .example.fqcapp         com.example.fqcapp                   W  Method void androidx.compose.runtime.snapshots.SnapshotStateList.update$default(androidx.compose.runtime.snapshots.SnapshotStateList, boolean, kotlin.jvm.functions.Function1, int, java.lang.Object) failed lock verification and will run slower.
2026-01-10 15:10:32.849 25593-25593 CurrentHea...StatusCard com.example.fqcapp                   D  ═══════════════════════════════════════════════════════════
2026-01-10 15:10:32.849 25593-25593 CurrentHea...StatusCard com.example.fqcapp                   D  🔍 [UI] Rendering Current Headphone Status Card
2026-01-10 15:10:32.849 25593-25593 CurrentHea...StatusCard com.example.fqcapp                   D     Driver Pairing: Not Done
2026-01-10 15:10:32.849 25593-25593 CurrentHea...StatusCard com.example.fqcapp                   D  ═══════════════════════════════════════════════════════════
2026-01-10 15:10:32.856 25593-25593 LandingScreen           com.example.fqcapp                   D  UndoManager exists: true
2026-01-10 15:10:32.856 25593-25593 LandingScreen           com.example.fqcapp                   D  Initial undo state - isActive: false, time: 30
2026-01-10 15:10:32.856 25593-25593 LandingScreen           com.example.fqcapp                   D  ❌ Snackbar NOT rendering - undoState.isActive: false
2026-01-10 15:10:32.867 25593-25593 HWUI                    com.example.fqcapp                   I  Using FreeType backend (prop=Auto)
2026-01-10 15:10:33.044 25593-25593 AppNav                  com.example.fqcapp                   D  🔄 App starting - loading criteria from saved JSON file...
2026-01-10 15:10:33.045 25593-25593 CriteriaJsonStorage     com.example.fqcapp                   D  📂 Loading criteria from JSON: /data/user/0/com.example.fqcapp/files/test_criteria.json
2026-01-10 15:10:33.046  1463-1669  ActivityTaskManager     system_server                        I  Displayed com.example.fqcapp/.MainActivity for user 0: +537ms
2026-01-10 15:10:33.047 25593-25593 CriteriaJsonStorage     com.example.fqcapp                   D  ✅ Loaded criteria - PASS: 4, FAIL Issues: 14, FAIL Solutions: 7, CBP: 7, TND: 5
2026-01-10 15:10:33.047 25593-25593 CriteriaJsonStorage     com.example.fqcapp                   D  ✅ Song Individual - PASS: 3, FAIL: 10, CBP: 6
2026-01-10 15:10:33.047 25593-25593 CriteriaJsonStorage     com.example.fqcapp                   D  ✅ Song Overall - PASS: 3, FAIL Issues: 12, FAIL Solutions: 6, CBP: 4, TND: 4
2026-01-10 15:10:33.047 25593-25593 CriteriaJsonStorage     com.example.fqcapp                   D  ✅ FQC Criteria: 10
2026-01-10 15:10:33.047 25593-25593 AppNav                  com.example.fqcapp                   D  ✅ Criteria loaded on startup from JSON
2026-01-10 15:10:33.048 25593-25593 Navigation              com.example.fqcapp                   D  🟢 Starting periodic Bluetooth check (on landing page: landing)
2026-01-10 15:10:33.049 25593-25593 Navigation              com.example.fqcapp                   D  Probing for currently connected device on startup...
2026-01-10 15:10:33.049 25593-25593 LandingScreen           com.example.fqcapp                   D  LaunchedEffect started - observing undoState
2026-01-10 15:10:33.049 25593-25593 LandingScreen           com.example.fqcapp                   D  📊 STATE UPDATE RECEIVED - isActive: false, timeRemaining: 30, fromScreen: null
2026-01-10 15:10:33.049 25593-25593 LandingScreen           com.example.fqcapp                   D  📊 Local undoState updated to: isActive=false, timeRemaining=30
2026-01-10 15:10:33.055 25593-25593 Navigation              com.example.fqcapp                   D  🔐 Checking password lock: enabled=false, showFreqGen=false, showTestSongs=false, showFQC=false
2026-01-10 15:10:33.059 25593-25593 CurrentHea...StatusCard com.example.fqcapp                   D  ═══════════════════════════════════════════════════════════
2026-01-10 15:10:33.059 25593-25593 CurrentHea...StatusCard com.example.fqcapp                   D  🔍 [UI] Rendering Current Headphone Status Card
2026-01-10 15:10:33.059 25593-25593 CurrentHea...StatusCard com.example.fqcapp                   D     Driver Pairing: Not Done
2026-01-10 15:10:33.059 25593-25593 CurrentHea...StatusCard com.example.fqcapp                   D  ═══════════════════════════════════════════════════════════
2026-01-10 15:10:33.062 25593-25593 LandingScreen           com.example.fqcapp                   D  UndoManager exists: true
2026-01-10 15:10:33.062 25593-25593 LandingScreen           com.example.fqcapp                   D  ❌ Snackbar NOT rendering - undoState.isActive: false
2026-01-10 15:10:33.076 25593-25593 Navigation              com.example.fqcapp                   D  Periodic check: No connected device found
2026-01-10 15:10:33.076 25593-25593 Navigation              com.example.fqcapp                   D  No connected device found on startup
2026-01-10 15:10:33.080  1463-1921  ImeTracker              system_server                        I  com.example.fqcapp:6369643f: onRequestHide at ORIGIN_SERVER reason HIDE_UNSPECIFIED_WINDOW fromUser false
2026-01-10 15:10:33.081 25593-25593 InsetsController        com.example.fqcapp                   D  hide(ime())
2026-01-10 15:10:33.081 25593-25593 ImeTracker              com.example.fqcapp                   I  com.example.fqcapp:6369643f: onCancelled at PHASE_CLIENT_ALREADY_HIDDEN
2026-01-10 15:10:33.084  3735-3735  GoogleInpu...hodService com...gle.android.inputmethod.latin  I  GoogleInputMethodService.onStartInput():1349 onStartInput(EditorInfo{EditorInfo{packageName=com.example.fqcapp, inputType=0, inputTypeString=NULL, enableLearning=false, autoCorrection=false, autoComplete=false, imeOptions=0, privateImeOptions=null, actionName=UNSPECIFIED, actionLabel=null, initialSelStart=-1, initialSelEnd=-1, initialCapsMode=0, label=null, fieldId=0, fieldName=null, extras=null, hintText=null, hintLocales=[]}}, false)
2026-01-10 15:10:33.084  1463-4454  PackageConfigPersister  system_server                        W  App-specific configuration not found for packageName: com.example.fqcapp and userId: 0
2026-01-10 15:10:38.661 25593-25651 ProfileInstaller        com.example.fqcapp                   D  Installing profile for com.example.fqcapp
2026-01-10 15:10:41.334 25593-25593 BluetoothService        com.example.fqcapp                   D  Received broadcast: android.bluetooth.device.action.ACL_CONNECTED
2026-01-10 15:10:41.334 25593-25593 BluetoothService        com.example.fqcapp                   D  Device connected
2026-01-10 15:10:41.336 25593-25593 BluetoothService        com.example.fqcapp                   D  Connected device: Sonic Lamb_v0.70 (DC:0D:30:06:09:44)
2026-01-10 15:10:41.339 19625-19625 ActivityThread          com.google.android.gms.unstable      D  Package [com.example.fqcapp] reported as REPLACED, but missing application info. Assuming REMOVED.
2026-01-10 15:10:41.343 19625-19625 ActivityThread          com.google.android.gms.unstable      D  Package [com.example.fqcapp] reported as REPLACED, but missing application info. Assuming REMOVED.
2026-01-10 15:10:41.344 19625-19625 ActivityThread          com.google.android.gms.unstable      D  Package [com.example.fqcapp] reported as REPLACED, but missing application info. Assuming REMOVED.
2026-01-10 15:10:41.347 24743-24743 ActivityThread          com...droid.projection.gearhead:car  D  Package [com.example.fqcapp] reported as REPLACED, but missing application info. Assuming REMOVED.
2026-01-10 15:10:41.348 24743-24743 ActivityThread          com...droid.projection.gearhead:car  D  Package [com.example.fqcapp] reported as REPLACED, but missing application info. Assuming REMOVED.
2026-01-10 15:10:41.348 24743-24743 ActivityThread          com...droid.projection.gearhead:car  D  Package [com.example.fqcapp] reported as REPLACED, but missing application info. Assuming REMOVED.
2026-01-10 15:10:41.349 23392-23392 ActivityThread          com...ooglequicksearchbox:googleapp  D  Package [com.example.fqcapp] reported as REPLACED, but missing application info. Assuming REMOVED.
2026-01-10 15:10:41.349 23392-23392 ActivityThread          com...ooglequicksearchbox:googleapp  D  Package [com.example.fqcapp] reported as REPLACED, but missing application info. Assuming REMOVED.
2026-01-10 15:10:41.350 23392-23392 ActivityThread          com...ooglequicksearchbox:googleapp  D  Package [com.example.fqcapp] reported as REPLACED, but missing application info. Assuming REMOVED.
2026-01-10 15:10:41.813 21579-21579 ActivityThread          com...android.settings.intelligence  D  Package [com.example.fqcapp] reported as REPLACED, but missing application info. Assuming REMOVED.
2026-01-10 15:10:41.813 21579-21579 ActivityThread          com...android.settings.intelligence  D  Package [com.example.fqcapp] reported as REPLACED, but missing application info. Assuming REMOVED.
2026-01-10 15:10:41.814 21579-21579 ActivityThread          com...android.settings.intelligence  D  Package [com.example.fqcapp] reported as REPLACED, but missing application info. Assuming REMOVED.
2026-01-10 15:10:43.078 25593-25593 Navigation              com.example.fqcapp                   D  Periodic check: Found connected device: Sonic Lamb_v0.70 - DC:0D:30:06:09:44
2026-01-10 15:10:43.078 25593-25593 Navigation              com.example.fqcapp                   D  🔍 Performing reverse lookup: MAC ID -> Serial Number
2026-01-10 15:10:43.078 25593-25593 Navigation              com.example.fqcapp                   D     MAC ID: DC:0D:30:06:09:44
2026-01-10 15:10:43.081 25593-25635 MacIdCacheManager       com.example.fqcapp                   D  Looking up serial for MAC: DC:0D:30:06:09:44
2026-01-10 15:10:43.085 25593-25593 Navigation              com.example.fqcapp                   D  🔐 Checking password lock: enabled=false, showFreqGen=false, showTestSongs=false, showFQC=false
2026-01-10 15:10:43.095 25593-25635 MacIdCacheManager       com.example.fqcapp                   D  MAC not found in cache, refreshing cache...
2026-01-10 15:10:43.095 25593-25635 MacIdCacheManager       com.example.fqcapp                   D  Starting cache refresh...
2026-01-10 15:10:43.095 25593-25635 GoogleSheetsAPI         com.example.fqcapp                   D  Starting fetchMacLookupData
2026-01-10 15:10:43.095 25593-25635 GoogleSheetsAPI         com.example.fqcapp                   D  Sheet ID: 1adqjRvmSnRcuscCq2W-epU1Quww1XvX2tbPVHujbE7I
2026-01-10 15:10:43.095 25593-25635 GoogleSheetsAPI         com.example.fqcapp                   D  Tab: Sheet2
2026-01-10 15:10:43.095 25593-25635 GoogleSheetsAPI         com.example.fqcapp                   D  Range: A:C
2026-01-10 15:10:43.097 25593-25635 GoogleSheetsAPI         com.example.fqcapp                   D  🔄 [TOKEN_CACHE] No cached token, fetching new token
2026-01-10 15:10:43.097 25593-25635 GoogleSheetsAPI         com.example.fqcapp                   D  🔑 [TOKEN_FETCH] Generating JWT token...
2026-01-10 15:10:43.102 25593-25635 GoogleSheetsAPI         com.example.fqcapp                   D  ✅ Loaded credentials from JSON - Email: fqc-data@starlit-oven-447711-v6.iam.gserviceaccount.com
2026-01-10 15:10:43.102 25593-25635 GoogleSheetsAPI         com.example.fqcapp                   D  Generating JWT with service account: fqc-data@starlit-oven-447711-v6.iam.gserviceaccount.com
2026-01-10 15:10:43.104 25593-25593 CurrentHea...StatusCard com.example.fqcapp                   D  ═══════════════════════════════════════════════════════════
2026-01-10 15:10:43.104 25593-25593 CurrentHea...StatusCard com.example.fqcapp                   D  🔍 [UI] Rendering Current Headphone Status Card
2026-01-10 15:10:43.104 25593-25593 CurrentHea...StatusCard com.example.fqcapp                   D     Driver Pairing: Not Done
2026-01-10 15:10:43.104 25593-25593 CurrentHea...StatusCard com.example.fqcapp                   D  ═══════════════════════════════════════════════════════════
2026-01-10 15:10:43.112 25593-25635 GoogleSheetsAPI         com.example.fqcapp                   D  🔑 [TOKEN_FETCH] JWT generated, length: 654
2026-01-10 15:10:43.118 25593-25598 .example.fqcapp         com.example.fqcapp                   W  userfaultfd: MOVE ioctl seems unsupported: Connection timed out
2026-01-10 15:10:43.124 25593-25635 GoogleSheetsAPI         com.example.fqcapp                   D  🔑 [TOKEN_FETCH] Sending token request...
2026-01-10 15:10:43.142 25593-25593 LandingScreen           com.example.fqcapp                   D  UndoManager exists: true
2026-01-10 15:10:43.142 25593-25593 LandingScreen           com.example.fqcapp                   D  ❌ Snackbar NOT rendering - undoState.isActive: false
2026-01-10 15:10:43.177 25593-25638 MacIdCacheManager       com.example.fqcapp                   D  Looking up serial for MAC: DC:0D:30:06:09:44
2026-01-10 15:10:43.181 25593-25637 MacIdCacheManager       com.example.fqcapp                   D  Cache last updated: 1768034145843, current: 1768038043181, diff: 3897338ms, needs refresh: true
2026-01-10 15:10:43.181 25593-25593 LandingScreen           com.example.fqcapp                   D  MAC ID cache is stale, refreshing...
2026-01-10 15:10:43.181 25593-25637 MacIdCacheManager       com.example.fqcapp                   D  Starting cache refresh...
2026-01-10 15:10:43.182 25593-25637 GoogleSheetsAPI         com.example.fqcapp                   D  Starting fetchMacLookupData
2026-01-10 15:10:43.182 25593-25637 GoogleSheetsAPI         com.example.fqcapp                   D  Sheet ID: 1adqjRvmSnRcuscCq2W-epU1Quww1XvX2tbPVHujbE7I
2026-01-10 15:10:43.182 25593-25637 GoogleSheetsAPI         com.example.fqcapp                   D  Tab: Sheet2
2026-01-10 15:10:43.182 25593-25637 GoogleSheetsAPI         com.example.fqcapp                   D  Range: A:C
2026-01-10 15:10:43.182 25593-25637 GoogleSheetsAPI         com.example.fqcapp                   D  🔄 [TOKEN_CACHE] No cached token, fetching new token
2026-01-10 15:10:43.182 25593-25637 GoogleSheetsAPI         com.example.fqcapp                   D  🔑 [TOKEN_FETCH] Generating JWT token...
2026-01-10 15:10:43.182 25593-25637 GoogleSheetsAPI         com.example.fqcapp                   D  ✅ Loaded credentials from JSON - Email: fqc-data@starlit-oven-447711-v6.iam.gserviceaccount.com
2026-01-10 15:10:43.182 25593-25637 GoogleSheetsAPI         com.example.fqcapp                   D  Generating JWT with service account: fqc-data@starlit-oven-447711-v6.iam.gserviceaccount.com
2026-01-10 15:10:43.184 25593-25637 GoogleSheetsAPI         com.example.fqcapp                   D  🔑 [TOKEN_FETCH] JWT generated, length: 654
2026-01-10 15:10:43.184 25593-25637 GoogleSheetsAPI         com.example.fqcapp                   D  🔑 [TOKEN_FETCH] Sending token request...
2026-01-10 15:10:43.721 25593-25637 GoogleSheetsAPI         com.example.fqcapp                   D  🔑 [TOKEN_FETCH] Token response code: 200
2026-01-10 15:10:43.722 25593-25637 GoogleSheetsAPI         com.example.fqcapp                   D  ✅ [TOKEN_FETCH] Access token obtained, length: 1024
2026-01-10 15:10:43.722 25593-25637 GoogleSheetsAPI         com.example.fqcapp                   D  ✅ [TOKEN_CACHE] Token cached successfully
2026-01-10 15:10:43.722 25593-25637 GoogleSheetsAPI         com.example.fqcapp                   D  Fetching from: https://sheets.googleapis.com/v4/spreadsheets/1adqjRvmSnRcuscCq2W-epU1Quww1XvX2tbPVHujbE7I/values/Sheet2!A:C
2026-01-10 15:10:43.726 25593-25635 GoogleSheetsAPI         com.example.fqcapp                   D  🔑 [TOKEN_FETCH] Token response code: 200
2026-01-10 15:10:43.727 25593-25635 GoogleSheetsAPI         com.example.fqcapp                   D  ✅ [TOKEN_FETCH] Access token obtained, length: 1024
2026-01-10 15:10:43.727 25593-25635 GoogleSheetsAPI         com.example.fqcapp                   D  ✅ [TOKEN_CACHE] Token cached successfully
2026-01-10 15:10:43.727 25593-25635 GoogleSheetsAPI         com.example.fqcapp                   D  Fetching from: https://sheets.googleapis.com/v4/spreadsheets/1adqjRvmSnRcuscCq2W-epU1Quww1XvX2tbPVHujbE7I/values/Sheet2!A:C
2026-01-10 15:10:44.745 25593-25637 GoogleSheetsAPI         com.example.fqcapp                   D  Response code: 200
2026-01-10 15:10:44.791 25593-25635 GoogleSheetsAPI         com.example.fqcapp                   D  Response code: 200
2026-01-10 15:10:44.809 25593-25637 GoogleSheetsAPI         com.example.fqcapp                   D  fetchMacLookupData completed, rows: 2999
2026-01-10 15:10:44.809 25593-25637 GoogleSheetsAPI         com.example.fqcapp                   D  Row 0: [PCB NO, Headphone serial number, MAC ID]
2026-01-10 15:10:44.809 25593-25637 GoogleSheetsAPI         com.example.fqcapp                   D  Row 1: [SLB250202000009, SLC251MW000301, DC:0D:30:12:FD:97]
2026-01-10 15:10:44.809 25593-25637 GoogleSheetsAPI         com.example.fqcapp                   D  Row 2: [SLB250202000010, SLC251OB001001, DC:0D:30:12:FD:70]
2026-01-10 15:10:44.809 25593-25637 GoogleSheetsAPI         com.example.fqcapp                   D  Row 3: [SLB250202000003, SLC251OB001002, DC:0D:30:12:FD:62]
2026-01-10 15:10:44.809 25593-25637 GoogleSheetsAPI         com.example.fqcapp                   D  Row 4: [SLB250202000004, SLC251OB001003, DC:0D:30:12:FD:67]
2026-01-10 15:10:44.810 25593-25637 MacIdCacheManager       com.example.fqcapp                   D  Downloaded 2999 entries from Google Sheets
2026-01-10 15:10:44.815 25593-25637 MacIdCacheManager       com.example.fqcapp                   D  Filtered to 2536 valid entries
2026-01-10 15:10:44.825 25593-25637 MacIdCacheManager       com.example.fqcapp                   D  Found 2536 existing cache entries
2026-01-10 15:10:44.873  1463-2266  LauncherAppsService     system_server                        D  getActivityLaunchIntent callingPackage=com.android.systemui component=ComponentInfo{com.example.fqcapp/com.example.fqcapp.MainActivity} user=UserHandle{0}
2026-01-10 15:10:44.936 25593-25637 MacIdCacheManager       com.example.fqcapp                   D  Merged cache: 2536 total entries (2536 existing + 2536 new)
2026-01-10 15:10:44.957 25593-25637 MacIdCacheManager       com.example.fqcapp                   D  ✅ Cache refresh completed successfully
2026-01-10 15:10:44.957 25593-25593 LandingScreen           com.example.fqcapp                   D  ✅ MAC ID cache refreshed successfully
2026-01-10 15:10:44.965 25593-25593 LandingScreen           com.example.fqcapp                   D  Found unsynced driver pairing entries, syncing...
2026-01-10 15:10:44.967 25593-25637 DriverPair...cheManager com.example.fqcapp                   D  🔄 [SYNC_START] Starting manual sync of unsynced driver pairing entries...
2026-01-10 15:10:44.968 25593-25637 DriverPair...cheManager com.example.fqcapp                   D  🔵 [SYNC_CHECK] Found 3 unsynced entries
2026-01-10 15:10:44.968 25593-25637 DriverPair...cheManager com.example.fqcapp                   D  🔵 [SYNC_ENTRY] Syncing entry 1/3: Serial=SLC251OB002118, MAC=DC:0D:30:13:27:17
2026-01-10 15:10:44.969 25593-25637 DriverPair...cheManager com.example.fqcapp                   D  🔵 [SYNC_PARSE] Parsed 4 driver entries from cache
2026-01-10 15:10:44.969 25593-25637 DriverPair...cheManager com.example.fqcapp                   D  🔵 [SYNC_SAVE] Saving to Google Sheets - Row1: Driver1='345', Driver2='124', Additional rows: 1
2026-01-10 15:10:44.969 25593-25637 DriverPair...etsService com.example.fqcapp                   D  💾 [SAVE_START] Saving driver data for serial: SLC251OB002118, MAC: DC:0D:30:13:27:17
2026-01-10 15:10:44.969 25593-25637 DriverPair...etsService com.example.fqcapp                   D  📊 [SAVE_DATA] Building row data: Serial=SLC251OB002118, MAC=DC:0D:30:13:27:17
2026-01-10 15:10:44.969 25593-25637 DriverPair...etsService com.example.fqcapp                   D  📊 [SAVE_DATA] Row 1: Driver1='345', Driver2='124' (Columns C & D)
2026-01-10 15:10:44.969 25593-25637 DriverPair...etsService com.example.fqcapp                   D  📊 [SAVE_DATA] Additional rows: 1 (Columns E onwards)
2026-01-10 15:10:44.969 25593-25637 DriverPair...etsService com.example.fqcapp                   D  📊 [SAVE_DATA] Row 2: Driver1='619', Driver2='654' (Columns E & F)
2026-01-10 15:10:44.969 25593-25637 DriverPair...etsService com.example.fqcapp                   D  📊 [SAVE_DATA] Total columns in rowData: 6
2026-01-10 15:10:44.969 25593-25637 DriverPair...etsService com.example.fqcapp                   D  🔍 [FIND_BY_SERIAL] Searching for serial number: SLC251OB002118
2026-01-10 15:10:44.970 25593-25637 GoogleSheetsAPI         com.example.fqcapp                   D  🔄 [TOKEN_CACHE] No cached token, fetching new token
2026-01-10 15:10:44.970 25593-25637 GoogleSheetsAPI         com.example.fqcapp                   D  🔑 [TOKEN_FETCH] Generating JWT token...
2026-01-10 15:10:44.970 25593-25637 GoogleSheetsAPI         com.example.fqcapp                   D  ✅ Loaded credentials from JSON - Email: fqc-data@starlit-oven-447711-v6.iam.gserviceaccount.com
2026-01-10 15:10:44.970 25593-25637 GoogleSheetsAPI         com.example.fqcapp                   D  Generating JWT with service account: fqc-data@starlit-oven-447711-v6.iam.gserviceaccount.com
2026-01-10 15:10:44.972 25593-25637 GoogleSheetsAPI         com.example.fqcapp                   D  🔑 [TOKEN_FETCH] JWT generated, length: 654
2026-01-10 15:10:44.972 25593-25637 GoogleSheetsAPI         com.example.fqcapp                   D  🔑 [TOKEN_FETCH] Sending token request...
2026-01-10 15:10:44.987 25593-25635 GoogleSheetsAPI         com.example.fqcapp                   D  fetchMacLookupData completed, rows: 2999
2026-01-10 15:10:44.987 25593-25635 GoogleSheetsAPI         com.example.fqcapp                   D  Row 0: [PCB NO, Headphone serial number, MAC ID]
2026-01-10 15:10:44.987 25593-25635 GoogleSheetsAPI         com.example.fqcapp                   D  Row 1: [SLB250202000009, SLC251MW000301, DC:0D:30:12:FD:97]
2026-01-10 15:10:44.987 25593-25635 GoogleSheetsAPI         com.example.fqcapp                   D  Row 2: [SLB250202000010, SLC251OB001001, DC:0D:30:12:FD:70]
2026-01-10 15:10:44.987 25593-25635 GoogleSheetsAPI         com.example.fqcapp                   D  Row 3: [SLB250202000003, SLC251OB001002, DC:0D:30:12:FD:62]
2026-01-10 15:10:44.987 25593-25635 GoogleSheetsAPI         com.example.fqcapp                   D  Row 4: [SLB250202000004, SLC251OB001003, DC:0D:30:12:FD:67]
2026-01-10 15:10:44.987 25593-25635 MacIdCacheManager       com.example.fqcapp                   D  Downloaded 2999 entries from Google Sheets
2026-01-10 15:10:44.989 25593-25635 MacIdCacheManager       com.example.fqcapp                   D  Filtered to 2536 valid entries
2026-01-10 15:10:44.993 25593-25635 MacIdCacheManager       com.example.fqcapp                   D  Found 2536 existing cache entries
2026-01-10 15:10:45.015 25593-25635 MacIdCacheManager       com.example.fqcapp                   D  Merged cache: 2536 total entries (2536 existing + 2536 new)
2026-01-10 15:10:45.023 25593-25635 MacIdCacheManager       com.example.fqcapp                   D  ✅ Cache refresh completed successfully
2026-01-10 15:10:45.025 25593-25635 MacIdCacheManager       com.example.fqcapp                   W  ❌ MAC ID DC:0D:30:06:09:44 not found even after cache refresh
2026-01-10 15:10:45.025 25593-25635 MacIdCacheManager       com.example.fqcapp                   D  MAC not found in cache, refreshing cache...
2026-01-10 15:10:45.025 25593-25635 MacIdCacheManager       com.example.fqcapp                   D  Starting cache refresh...
2026-01-10 15:10:45.025 25593-25635 GoogleSheetsAPI         com.example.fqcapp                   D  Starting fetchMacLookupData
2026-01-10 15:10:45.025 25593-25635 GoogleSheetsAPI         com.example.fqcapp                   D  Sheet ID: 1adqjRvmSnRcuscCq2W-epU1Quww1XvX2tbPVHujbE7I
2026-01-10 15:10:45.025 25593-25635 GoogleSheetsAPI         com.example.fqcapp                   D  Tab: Sheet2
2026-01-10 15:10:45.025 25593-25635 GoogleSheetsAPI         com.example.fqcapp                   D  Range: A:C
2026-01-10 15:10:45.025 25593-25635 GoogleSheetsAPI         com.example.fqcapp                   D  🔄 [TOKEN_CACHE] No cached token, fetching new token
2026-01-10 15:10:45.025 25593-25635 GoogleSheetsAPI         com.example.fqcapp                   D  🔑 [TOKEN_FETCH] Generating JWT token...
2026-01-10 15:10:45.026 25593-25635 GoogleSheetsAPI         com.example.fqcapp                   D  ✅ Loaded credentials from JSON - Email: fqc-data@starlit-oven-447711-v6.iam.gserviceaccount.com
2026-01-10 15:10:45.026 25593-25635 GoogleSheetsAPI         com.example.fqcapp                   D  Generating JWT with service account: fqc-data@starlit-oven-447711-v6.iam.gserviceaccount.com
2026-01-10 15:10:45.026 25593-25593 Navigation              com.example.fqcapp                   W  ⚠️ Serial number not found for MAC ID: DC:0D:30:06:09:44
2026-01-10 15:10:45.026 25593-25593 Navigation              com.example.fqcapp                   W     Generating reference serial: TMP-060944
2026-01-10 15:10:45.026 25593-25593 Navigation              com.example.fqcapp                   D  ✅ Using reference serial: TMP-060944 for MAC: DC:0D:30:06:09:44
2026-01-10 15:10:45.027 25593-25635 GoogleSheetsAPI         com.example.fqcapp                   D  🔑 [TOKEN_FETCH] JWT generated, length: 654
2026-01-10 15:10:45.027 25593-25635 GoogleSheetsAPI         com.example.fqcapp                   D  🔑 [TOKEN_FETCH] Sending token request...
2026-01-10 15:10:45.055 25593-25593 Navigation              com.example.fqcapp                   D  🔐 Checking password lock: enabled=false, showFreqGen=false, showTestSongs=false, showFQC=false
2026-01-10 15:10:45.061 25593-25593 CurrentHea...StatusCard com.example.fqcapp                   D  ═══════════════════════════════════════════════════════════
2026-01-10 15:10:45.061 25593-25593 CurrentHea...StatusCard com.example.fqcapp                   D  🔍 [UI] Rendering Current Headphone Status Card
2026-01-10 15:10:45.061 25593-25593 CurrentHea...StatusCard com.example.fqcapp                   D     Driver Pairing: Not Done
2026-01-10 15:10:45.061 25593-25593 CurrentHea...StatusCard com.example.fqcapp                   D  ═══════════════════════════════════════════════════════════
2026-01-10 15:10:45.066 25593-25593 LandingScreen           com.example.fqcapp                   D  UndoManager exists: true
2026-01-10 15:10:45.067 25593-25593 LandingScreen           com.example.fqcapp                   D  ❌ Snackbar NOT rendering - undoState.isActive: false
2026-01-10 15:10:45.080 25593-25593 Navigation              com.example.fqcapp                   D  ═══════════════════════════════════════════════════════════
2026-01-10 15:10:45.080 25593-25593 Navigation              com.example.fqcapp                   D  🔍 [NAVIGATION] SERIAL NUMBER SCANNED/SET
2026-01-10 15:10:45.080 25593-25593 Navigation              com.example.fqcapp                   D     Serial Number: TMP-060944
2026-01-10 15:10:45.080 25593-25593 Navigation              com.example.fqcapp                   D     MAC Address: DC:0D:30:06:09:44
2026-01-10 15:10:45.080 25593-25593 Navigation              com.example.fqcapp                   D     Device Name: Sonic Lamb_v0.70
2026-01-10 15:10:45.080 25593-25593 Navigation              com.example.fqcapp                   D  ───────────────────────────────────────────────────────────
2026-01-10 15:10:45.083 25593-25857 MacIdCacheManager       com.example.fqcapp                   D  Cache last updated: 1768038044993, current: 1768038045083, diff: 90ms, needs refresh: false
2026-01-10 15:10:45.084 25593-25593 DeviceDataCache         com.example.fqcapp                   D  📦 [CACHE] Cache expired for: TMP-060944 (age: 3898s, max: 120s)
2026-01-10 15:10:45.085 25593-25593 DeviceDataCache         com.example.fqcapp                   D  📦 [CACHE] Cleared cache for: TMP-060944
2026-01-10 15:10:45.085 25593-25593 Navigation              com.example.fqcapp                   D  📋 [ACTION] Fetching device data from Supabase (cache miss/expired)...
2026-01-10 15:10:45.087 25593-25593 Navigation              com.example.fqcapp                   D  🔐 Checking password lock: enabled=false, showFreqGen=false, showTestSongs=false, showFQC=false
2026-01-10 15:10:45.091 25593-25593 CurrentHea...StatusCard com.example.fqcapp                   D  ═══════════════════════════════════════════════════════════
2026-01-10 15:10:45.091 25593-25593 CurrentHea...StatusCard com.example.fqcapp                   D  🔍 [UI] Rendering Current Headphone Status Card
2026-01-10 15:10:45.091 25593-25593 CurrentHea...StatusCard com.example.fqcapp                   D     Driver Pairing: Not Done
2026-01-10 15:10:45.091 25593-25593 CurrentHea...StatusCard com.example.fqcapp                   D  ═══════════════════════════════════════════════════════════
2026-01-10 15:10:45.096 25593-25593 LandingScreen           com.example.fqcapp                   D  UndoManager exists: true
2026-01-10 15:10:45.096 25593-25593 LandingScreen           com.example.fqcapp                   D  ❌ Snackbar NOT rendering - undoState.isActive: false
2026-01-10 15:10:45.099 25593-25593 LandingScreen           com.example.fqcapp                   D  Found unsynced driver pairing entries, syncing...
2026-01-10 15:10:45.100 25593-25857 DriverPair...cheManager com.example.fqcapp                   D  🔄 [SYNC_START] Starting manual sync of unsynced driver pairing entries...
2026-01-10 15:10:45.101 25593-25857 DriverPair...cheManager com.example.fqcapp                   D  🔵 [SYNC_CHECK] Found 3 unsynced entries
2026-01-10 15:10:45.101 25593-25857 DriverPair...cheManager com.example.fqcapp                   D  🔵 [SYNC_ENTRY] Syncing entry 1/3: Serial=SLC251OB002118, MAC=DC:0D:30:13:27:17
2026-01-10 15:10:45.101 25593-25857 DriverPair...cheManager com.example.fqcapp                   D  🔵 [SYNC_PARSE] Parsed 4 driver entries from cache
2026-01-10 15:10:45.101 25593-25857 DriverPair...cheManager com.example.fqcapp                   D  🔵 [SYNC_SAVE] Saving to Google Sheets - Row1: Driver1='345', Driver2='124', Additional rows: 1
2026-01-10 15:10:45.101 25593-25857 DriverPair...etsService com.example.fqcapp                   D  💾 [SAVE_START] Saving driver data for serial: SLC251OB002118, MAC: DC:0D:30:13:27:17
2026-01-10 15:10:45.101 25593-25857 DriverPair...etsService com.example.fqcapp                   D  📊 [SAVE_DATA] Building row data: Serial=SLC251OB002118, MAC=DC:0D:30:13:27:17
2026-01-10 15:10:45.101 25593-25857 DriverPair...etsService com.example.fqcapp                   D  📊 [SAVE_DATA] Row 1: Driver1='345', Driver2='124' (Columns C & D)
2026-01-10 15:10:45.101 25593-25857 DriverPair...etsService com.example.fqcapp                   D  📊 [SAVE_DATA] Additional rows: 1 (Columns E onwards)
2026-01-10 15:10:45.101 25593-25857 DriverPair...etsService com.example.fqcapp                   D  📊 [SAVE_DATA] Row 2: Driver1='619', Driver2='654' (Columns E & F)
2026-01-10 15:10:45.101 25593-25857 DriverPair...etsService com.example.fqcapp                   D  📊 [SAVE_DATA] Total columns in rowData: 6
2026-01-10 15:10:45.101 25593-25857 DriverPair...etsService com.example.fqcapp                   D  🔍 [FIND_BY_SERIAL] Searching for serial number: SLC251OB002118
2026-01-10 15:10:45.101 25593-25857 GoogleSheetsAPI         com.example.fqcapp                   D  🔄 [TOKEN_CACHE] No cached token, fetching new token
2026-01-10 15:10:45.101 25593-25857 GoogleSheetsAPI         com.example.fqcapp                   D  🔑 [TOKEN_FETCH] Generating JWT token...
2026-01-10 15:10:45.101 25593-25857 GoogleSheetsAPI         com.example.fqcapp                   D  ✅ Loaded credentials from JSON - Email: fqc-data@starlit-oven-447711-v6.iam.gserviceaccount.com
2026-01-10 15:10:45.101 25593-25857 GoogleSheetsAPI         com.example.fqcapp                   D  Generating JWT with service account: fqc-data@starlit-oven-447711-v6.iam.gserviceaccount.com
2026-01-10 15:10:45.112 25593-25858 LandingScreen           com.example.fqcapp                   D  🔄 Syncing data from Supabase for: TMP-060944 (background)
2026-01-10 15:10:45.112 25593-25858 DeviceDataSync          com.example.fqcapp                   D  ═══════════════════════════════════════════════════════════
2026-01-10 15:10:45.112 25593-25858 DeviceDataSync          com.example.fqcapp                   D  🔄 [SYNC] Starting sync for serial: TMP-060944
2026-01-10 15:10:45.112 25593-25858 DeviceDataSync          com.example.fqcapp                   D  ───────────────────────────────────────────────────────────
2026-01-10 15:10:45.112 25593-25858 DeviceDataSync          com.example.fqcapp                   D  📋 [1/4] Syncing frequency tests...
2026-01-10 15:10:45.115 25593-25593 CurrentHea...StatusCard com.example.fqcapp                   D  ═══════════════════════════════════════════════════════════
2026-01-10 15:10:45.115 25593-25593 CurrentHea...StatusCard com.example.fqcapp                   D  🔍 [UI] Rendering Current Headphone Status Card
2026-01-10 15:10:45.115 25593-25593 CurrentHea...StatusCard com.example.fqcapp                   D     Driver Pairing: Not Done
2026-01-10 15:10:45.115 25593-25593 CurrentHea...StatusCard com.example.fqcapp                   D     Frequency [Primary Test]: PASS
2026-01-10 15:10:45.115 25593-25593 CurrentHea...StatusCard com.example.fqcapp                   D     Frequency [Secondary Test]: Not Done
